Stack Allocation = 8000 bytes

 Start  Stop   Length Name                   Class
 Resident
 00000H 019A3H 019A4H FI3100_TEXT            CODE
 019A4H 032B3H 01910H BA_ISAM_TEXT           CODE
 032B4H 039EDH 0073AH BA_WORK_TEXT           CODE
 039EEH 044C9H 00ADCH DL_ERROR_TEXT          CODE
 044CAH 04689H 001C0H DL_INFO_TEXT           CODE
 0468AH 04B45H 004BCH DL_MAUS_TEXT           CODE
 04B46H 04CA7H 00162H DL_NACHR_TEXT          CODE
 04CA8H 056A3H 009FCH DL_OPTIO_TEXT          CODE
 056A4H 05853H 001B0H DL_SHELL_TEXT          CODE
 05854H 05FDDH 0078AH DL_WARN_TEXT           CODE
 05FDEH 05FDEH 00000H E_GLOBAL_TEXT          CODE
 05FDEH 06009H 0002CH IN_BEEP_TEXT           CODE
 0600AH 06579H 00570H IN_DIAL_TEXT           CODE
 0657AH 06773H 001FAH IN_INITV_TEXT          CODE
 06774H 0755BH 00DE8H IN_LIESZ_TEXT          CODE
 0755CH 07CC9H 0076EH IN_MAUS_TEXT           CODE
 07CCAH 08965H 00C9CH IN_MENUE_TEXT          CODE
 08966H 08D37H 003D2H MN_AKTIV_TEXT          CODE
 08D38H 08D91H 0005AH MN_DEAKT_TEXT          CODE
 08D92H 09639H 008A8H MN_EINGA_TEXT          CODE
 0963AH 09E59H 00820H MN_EINR_TEXT           CODE
 09E5AH 09FB7H 0015EH MN_ENTF_TEXT           CODE
 09FB8H 0A01DH 00066H MN_INIT_TEXT           CODE
 0A01EH 0A187H 0016AH MN_MARK_TEXT           CODE
 0A188H 0A2C1H 0013AH MN_SPALE_TEXT          CODE
 0A2C2H 0A395H 000D4H MN_SRTYP_TEXT          CODE
 0A396H 0A3DFH 0004AH MN_SSCHA_TEXT          CODE
 0A3E0H 0A9A9H 005CAH MS_BASIS_TEXT          CODE
 0A9AAH 0B1FDH 00854H M_BASIS_TEXT           CODE
 0B1FEH 0BE01H 00C04H M_BOTORE_TEXT          CODE
 0BE02H 0BEABH 000AAH M_CHOICE_TEXT          CODE
 0BEACH 0C795H 008EAH M_CLOSE_TEXT           CODE
 0C796H 0CD7BH 005E6H M_COUNT_TEXT           CODE
 0CD7CH 0D0EFH 00374H M_DEFAUL_TEXT          CODE
 0D0F0H 0DE1DH 00D2EH M_FORMAT_TEXT          CODE
 0DE1EH 0ED99H 00F7CH M_INIT_TEXT            CODE
 0ED9AH 10B19H 01D80H M_INIT2_TEXT           CODE
 10B1AH 12811H 01CF8H M_INPUT_TEXT           CODE
 12812H 13F1FH 0170EH M_KEYCOD_TEXT          CODE
 13F20H 143EFH 004D0H M_MKCHO_TEXT           CODE
 143F0H 14499H 000AAH M_OKQUES_TEXT          CODE
 1449AH 1523BH 00DA2H M_RETOBO_TEXT          CODE
 1523CH 152D9H 0009EH M_SCRDN_TEXT           CODE
 152DAH 1537BH 000A2H M_SCRUP_TEXT           CODE
 1537CH 15629H 002AEH M_SELECT_TEXT          CODE
 1562AH 15643H 0001AH UT_ALTCD_TEXT          CODE
 15644H 158ABH 00268H UT_ARRAY_TEXT          CODE
 158ACH 15961H 000B6H UT_CLRAN_TEXT          CODE
 15962H 1599FH 0003EH UT_DRIVE_TEXT          CODE
 159A0H 15ADBH 0013CH UT_EVEHI_TEXT          CODE
 15ADCH 15C45H 0016AH UT_EVENT_TEXT          CODE
 15C46H 15C7BH 00036H UT_GROSS_TEXT          CODE
 15C7CH 15C99H 0001EH UT_KBFLG_TEXT          CODE
 15C9AH 15CCDH 00034H UT_KLEIN_TEXT          CODE
 15CCEH 15E07H 0013AH UT_LINIE_TEXT          CODE
 15E08H 15E85H 0007EH UT_PAUSE_TEXT          CODE
 15E86H 15F87H 00102H UT_RAHME_TEXT          CODE
 15F88H 160BFH 00138H UT_SCHAT_TEXT          CODE
 160C0H 16203H 00144H UT_SHELL_TEXT          CODE
 16204H 1625BH 00058H UT_STRLW_TEXT          CODE
 1625CH 162B5H 0005AH UT_STRUP_TEXT          CODE
 162B6H 16315H 00060H UT_TASTE_TEXT          CODE
 16316H 16361H 0004CH UT_TON_TEXT            CODE
 16362H 163A9H 00048H UT_UHRTK_TEXT          CODE
 163AAH 169C3H 0061AH VI_BASIS_TEXT          CODE
 169C4H 171F9H 00836H WI_AKTIV_TEXT          CODE
 171FAH 178D5H 006DCH WI_BASIS_TEXT          CODE
 178D6H 17925H 00050H WI_CLS_TEXT            CODE
 17926H 17A65H 00140H WI_CURS_TEXT           CODE
 17A66H 17B35H 000D0H WI_EINR_TEXT           CODE
 17B36H 17E2FH 002FAH WI_ENTF_TEXT           CODE
 17E30H 17E77H 00048H WI_ISAKT_TEXT          CODE
 17E78H 1851BH 006A4H WI_PRNTF_TEXT          CODE
 1851CH 18607H 000ECH WI_PUTCH_TEXT          CODE
 18608H 1876BH 00164H WI_SATT_TEXT           CODE
 1876CH 187CFH 00064H WI_SCHAT_TEXT          CODE
 187D0H 18817H 00048H WI_SCPOS_TEXT          CODE
 18818H 18897H 00080H WI_SCRDN_TEXT          CODE
 18898H 18917H 00080H WI_SCRUP_TEXT          CODE
 18918H 1897DH 00066H WI_SCTYP_TEXT          CODE
 1897EH 18C19H 0029CH WI_STITL_TEXT          CODE
 18C1AH 18EC5H 002ACH WI_VERST_TEXT          CODE
 18EC6H 18F01H 0003CH DB_ABORT_TEXT          CODE
 18F02H 1907BH 0017AH DB_BTRV_TEXT           CODE
 1907CH 191BBH 00140H DB_CLOSE_TEXT          CODE
 191BCH 1934BH 00190H DB_DEL_TEXT            CODE
 1934CH 19487H 0013CH DB_EQ_TEXT             CODE
 19488H 19611H 0018AH DB_FIRST_TEXT          CODE
 19612H 19849H 00238H DB_GE_TEXT             CODE
 1984AH 19A53H 0020AH DB_INS_TEXT            CODE
 19A54H 19C29H 001D6H DB_LE_TEXT             CODE
 19C2AH 19EFFH 002D6H DB_NEXT_TEXT           CODE
 19F00H 1A08BH 0018CH DB_PREV_TEXT           CODE
 1A08CH 1A0BDH 00032H DB_RESET_TEXT          CODE
 1A0BEH 1A129H 0006CH DB_SORT_TEXT           CODE
 1A12AH 1A1BBH 00092H DB_TRANA_TEXT          CODE
 1A1BCH 1A2D5H 0011AH DB_TRANB_TEXT          CODE
 1A2D6H 1A3BBH 000E6H DB_TRANE_TEXT          CODE
 1A3BCH 1A5B5H 001FAH DB_UNLOC_TEXT          CODE
 1A5B6H 1A839H 00284H DB_UPD_TEXT            CODE
 1A83AH 1A889H 00050H DB_VERS_TEXT           CODE
 1A88AH 1AAA5H 0021CH D_CALLOC_TEXT          CODE
 1AAA6H 1ABD5H 00130H D_DATE_TEXT            CODE
 1ABD6H 1AC39H 00064H D_PROC_TEXT            CODE
 1AC3AH 1B0C1H 00488H D_SHMEM_TEXT           CODE
 1B0C2H 1B0EFH 0002EH S_ABRT_TEXT            CODE
 1B0F0H 1B159H 0006AH S_FPE_TEXT             CODE
 1B15AH 1B187H 0002EH S_ILL_TEXT             CODE
 1B188H 1B1BBH 00034H S_INT_TEXT             CODE
 1B1BCH 1B1E9H 0002EH S_SEGV_TEXT            CODE
 1B1EAH 1B313H 0012AH S_STOI_TEXT            CODE
 1B314H 1C9CFH 016BCH S_STRING_TEXT          CODE
 1C9D0H 1C9FDH 0002EH S_TERM_TEXT            CODE
 1C9FEH 22B97H 0619AH _TEXT                  CODE
 22BA0H 2528FH 026F0H EMULATOR_TEXT          CODE
 25290H 252E3H 00054H IN_DEMO_TEXT           CODE
 252F0H 252F0H 00000H OVERLAY_AREA           CODE
 28B30H 28B30H 00000H OVERLAY_END            CODE
 28B30H 28B30H 00000H C_ETEXT                ENDCODE
 28B30H 2A390H 01861H FI31007_DATA           FAR_DATA
 2A3A0H 2BBFFH 01860H MA_MATCH7_DATA         FAR_DATA
 2BC00H 2C3CFH 007D0H MA_HILFE7_DATA         FAR_DATA
 2C3D0H 2C4BEH 000EFH DL_LADEN7_DATA         FAR_DATA
 2C4C0H 2C7DFH 00320H DL_ERROR7_DATA         FAR_DATA
 2C7E0H 2CD6FH 00590H DL_OPTIO7_DATA         FAR_DATA
 2CD70H 2CEE7H 00178H E_GLOBAL7_DATA         FAR_DATA
 2CEF0H 2CFF1H 00102H IN_LIESZ7_DATA         FAR_DATA
 2D000H 2D31FH 00320H MN_INIT7_DATA          FAR_DATA
 2D320H 2D51FH 00200H WI_PRNTF7_DATA         FAR_DATA
 2D520H 2D68FH 00170H EMULATOR_DATA          FAR_DATA
 2D690H 2D6D1H 00042H NULL                   BEGDATA
 2D6D2H 388DBH 0B20AH _DATA                  DATA
 388DCH 388DDH 00002H XIQC                   DATA
 388DEH 388E9H 0000CH DBDATA                 DATA
 388EAH 388F7H 0000EH CDATA                  DATA
 388F8H 388F8H 00000H XIFB                   DATA
 388F8H 388F8H 00000H XIF                    DATA
 388F8H 388F8H 00000H XIFE                   DATA
 388F8H 388F8H 00000H XIB                    DATA
 388F8H 388FBH 00004H XI                     DATA
 388FCH 388FCH 00000H XIE                    DATA
 388FCH 388FCH 00000H XPB                    DATA
 388FCH 388FFH 00004H XP                     DATA
 38900H 38900H 00000H XPE                    DATA
 38900H 38900H 00000H XCB                    DATA
 38900H 38900H 00000H XC                     DATA
 38900H 38900H 00000H XCE                    DATA
 38900H 38900H 00000H XCFB                   DATA
 38900H 38900H 00000H XCFCRT                 DATA
 38900H 38903H 00004H XCF                    DATA
 38904H 38904H 00000H XCFE                   DATA
 38904H 38904H 00000H XIFCB                  DATA
 38904H 38904H 00000H XIFU                   DATA
 38904H 38904H 00000H XIFL                   DATA
 38904H 38904H 00000H XIFM                   DATA
 38904H 38904H 00000H XIFCE                  DATA
 38904H 38907H 00004H EXEC                   DATA
 38910H 38970H 00061H OVERLAY_DATA           DATA
 38972H 38A39H 000C8H CONST                  CONST
 38A3AH 38A41H 00008H HDR                    MSG
 38A42H 38BEEH 001ADH MSG                    MSG
 38BEFH 38BF0H 00002H PAD                    MSG
 38BF1H 38BF1H 00001H EPAD                   MSG
 38BF2H 3A0D5H 014E4H _BSS                   BSS
 3A0D6H 3A0D6H 00000H XOB                    BSS
 3A0D6H 3A155H 00080H XO                     BSS
 3A156H 3A156H 00000H XOE                    BSS
 3A156H 3A156H 00000H XOFB                   BSS
 3A156H 3A156H 00000H XOF                    BSS
 3A156H 3A156H 00000H XOFE                   BSS
 3A160H 3A167H 00008H c_common               BSS
 3A170H 3C0AFH 01F40H STACK                  STACK
 Overlay 1H
 252F0H 257BBH 004CCH FI_3100_TEXT           CODE
 Overlay 2H
 252F0H 2741FH 02130H BA_SAA_TEXT            CODE
 Overlay 3H
 252F0H 26225H 00F36H BA_INIT_TEXT           CODE
 Overlay 4H
 252F0H 281B1H 02EC2H FI3100A_TEXT           CODE
 Overlay 5H
 252F0H 28B27H 03838H FI3100B_TEXT           CODE
 Overlay 6H
 252F0H 28007H 02D18H MA_MATCH_TEXT          CODE
 Overlay 7H
 252F0H 266F1H 01402H MA_HILFE_TEXT          CODE
 Overlay 8H
 252F0H 259B9H 006CAH MA_MKSEL_TEXT          CODE
 Overlay 9H
 252F0H 26633H 01344H DB_OPEN_TEXT           CODE
 Overlay AH
 252F0H 26681H 01392H DL_LADEN_TEXT          CODE

 Origin   Group
 2D69:0   DGROUP
