Stack Allocation = 8000 bytes

 Start  Stop   Length Name                   Class
 Resident
 00000H 02FE9H 02FEAH SY4100_TEXT            CODE
 02FEAH 048F9H 01910H BA_ISAM_TEXT           CODE
 048FAH 05441H 00B48H BA_PRN1_TEXT           CODE
 05442H 05C9BH 0085AH BA_PRN2_TEXT           CODE
 05C9CH 07E47H 021ACH FO_PRN_TEXT            CODE
 07E48H 08923H 00ADCH DL_ERROR_TEXT          CODE
 08924H 08AE3H 001C0H DL_INFO_TEXT           CODE
 08AE4H 08F9FH 004BCH DL_MAUS_TEXT           CODE
 08FA0H 09101H 00162H DL_NACHR_TEXT          CODE
 09102H 09AFDH 009FCH DL_OPTIO_TEXT          CODE
 09AFEH 09CADH 001B0H DL_SHELL_TEXT          CODE
 09CAEH 0A005H 00358H DL_SPEIC_TEXT          CODE
 0A006H 0A78FH 0078AH DL_WARN_TEXT           CODE
 0A790H 0A7BBH 0002CH IN_BEEP_TEXT           CODE
 0A7BCH 0AD2BH 00570H IN_DIAL_TEXT           CODE
 0AD2CH 0AF25H 001FAH IN_INITV_TEXT          CODE
 0AF26H 0BD0DH 00DE8H IN_LIESZ_TEXT          CODE
 0BD0EH 0C47BH 0076EH IN_MAUS_TEXT           CODE
 0C47CH 0D117H 00C9CH IN_MENUE_TEXT          CODE
 0D118H 0D4E9H 003D2H MN_AKTIV_TEXT          CODE
 0D4EAH 0D543H 0005AH MN_DEAKT_TEXT          CODE
 0D544H 0DDEBH 008A8H MN_EINGA_TEXT          CODE
 0DDECH 0E60BH 00820H MN_EINR_TEXT           CODE
 0E60CH 0E769H 0015EH MN_ENTF_TEXT           CODE
 0E76AH 0E7CFH 00066H MN_INIT_TEXT           CODE
 0E7D0H 0E939H 0016AH MN_MARK_TEXT           CODE
 0E93AH 0EA73H 0013AH MN_SPALE_TEXT          CODE
 0EA74H 0EB47H 000D4H MN_SRTYP_TEXT          CODE
 0EB48H 0EB91H 0004AH MN_SSCHA_TEXT          CODE
 0EB92H 0F15BH 005CAH MS_BASIS_TEXT          CODE
 0F15CH 0FD5FH 00C04H M_BOTORE_TEXT          CODE
 0FD60H 0FE09H 000AAH M_CHOICE_TEXT          CODE
 0FE0AH 106F3H 008EAH M_CLOSE_TEXT           CODE
 106F4H 10CD9H 005E6H M_COUNT_TEXT           CODE
 10CDAH 1104DH 00374H M_DEFAUL_TEXT          CODE
 1104EH 11D7BH 00D2EH M_FORMAT_TEXT          CODE
 11D7CH 12CF7H 00F7CH M_INIT_TEXT            CODE
 12CF8H 14A77H 01D80H M_INIT2_TEXT           CODE
 14A78H 1676FH 01CF8H M_INPUT_TEXT           CODE
 16770H 17E7DH 0170EH M_KEYCOD_TEXT          CODE
 17E7EH 1834DH 004D0H M_MKCHO_TEXT           CODE
 1834EH 183F7H 000AAH M_OKQUES_TEXT          CODE
 183F8H 19199H 00DA2H M_RETOBO_TEXT          CODE
 1919AH 19237H 0009EH M_SCRDN_TEXT           CODE
 19238H 192D9H 000A2H M_SCRUP_TEXT           CODE
 192DAH 19587H 002AEH M_SELECT_TEXT          CODE
 19588H 195A1H 0001AH UT_ALTCD_TEXT          CODE
 195A2H 19809H 00268H UT_ARRAY_TEXT          CODE
 1980AH 198BFH 000B6H UT_CLRAN_TEXT          CODE
 198C0H 19ABDH 001FEH UT_DNGUE_TEXT          CODE
 19ABEH 19AFBH 0003EH UT_DRIVE_TEXT          CODE
 19AFCH 19C37H 0013CH UT_EVEHI_TEXT          CODE
 19C38H 19DA1H 0016AH UT_EVENT_TEXT          CODE
 19DA2H 19DD7H 00036H UT_GROSS_TEXT          CODE
 19DD8H 19DF5H 0001EH UT_KBFLG_TEXT          CODE
 19DF6H 19E29H 00034H UT_KLEIN_TEXT          CODE
 19E2AH 19F63H 0013AH UT_LINIE_TEXT          CODE
 19F64H 19FE1H 0007EH UT_PAUSE_TEXT          CODE
 19FE2H 1A0E3H 00102H UT_RAHME_TEXT          CODE
 1A0E4H 1A21BH 00138H UT_SCHAT_TEXT          CODE
 1A21CH 1A35FH 00144H UT_SHELL_TEXT          CODE
 1A360H 1A3B7H 00058H UT_STRLW_TEXT          CODE
 1A3B8H 1A411H 0005AH UT_STRUP_TEXT          CODE
 1A412H 1A471H 00060H UT_TASTE_TEXT          CODE
 1A472H 1A4BDH 0004CH UT_TON_TEXT            CODE
 1A4BEH 1A505H 00048H UT_UHRTK_TEXT          CODE
 1A506H 1AB1FH 0061AH VI_BASIS_TEXT          CODE
 1AB20H 1B355H 00836H WI_AKTIV_TEXT          CODE
 1B356H 1BA31H 006DCH WI_BASIS_TEXT          CODE
 1BA32H 1BA81H 00050H WI_CLS_TEXT            CODE
 1BA82H 1BBC1H 00140H WI_CURS_TEXT           CODE
 1BBC2H 1BC91H 000D0H WI_EINR_TEXT           CODE
 1BC92H 1BF8BH 002FAH WI_ENTF_TEXT           CODE
 1BF8CH 1BFD3H 00048H WI_ISAKT_TEXT          CODE
 1BFD4H 1C677H 006A4H WI_PRNTF_TEXT          CODE
 1C678H 1C763H 000ECH WI_PUTCH_TEXT          CODE
 1C764H 1C8C7H 00164H WI_SATT_TEXT           CODE
 1C8C8H 1C92BH 00064H WI_SCHAT_TEXT          CODE
 1C92CH 1C973H 00048H WI_SCPOS_TEXT          CODE
 1C974H 1C9F3H 00080H WI_SCRDN_TEXT          CODE
 1C9F4H 1CA73H 00080H WI_SCRUP_TEXT          CODE
 1CA74H 1CAD9H 00066H WI_SCTYP_TEXT          CODE
 1CADAH 1CD75H 0029CH WI_STITL_TEXT          CODE
 1CD76H 1D021H 002ACH WI_VERST_TEXT          CODE
 1D022H 1D022H 00000H E_GLOBAL_TEXT          CODE
 1D022H 1D88BH 0086AH M_BASIS_TEXT           CODE
 1D88CH 1D8C7H 0003CH DB_ABORT_TEXT          CODE
 1D8C8H 1DA41H 0017AH DB_BTRV_TEXT           CODE
 1DA42H 1DB81H 00140H DB_CLOSE_TEXT          CODE
 1DB82H 1DD11H 00190H DB_DEL_TEXT            CODE
 1DD12H 1DE4DH 0013CH DB_EQ_TEXT             CODE
 1DE4EH 1E085H 00238H DB_GE_TEXT             CODE
 1E086H 1E28FH 0020AH DB_INS_TEXT            CODE
 1E290H 1E465H 001D6H DB_LE_TEXT             CODE
 1E466H 1E73BH 002D6H DB_NEXT_TEXT           CODE
 1E73CH 1E8C7H 0018CH DB_PREV_TEXT           CODE
 1E8C8H 1E8F9H 00032H DB_RESET_TEXT          CODE
 1E8FAH 1E965H 0006CH DB_SORT_TEXT           CODE
 1E966H 1E9F7H 00092H DB_TRANA_TEXT          CODE
 1E9F8H 1EB11H 0011AH DB_TRANB_TEXT          CODE
 1EB12H 1EBF7H 000E6H DB_TRANE_TEXT          CODE
 1EBF8H 1EDF1H 001FAH DB_UNLOC_TEXT          CODE
 1EDF2H 1F075H 00284H DB_UPD_TEXT            CODE
 1F076H 1F0C5H 00050H DB_VERS_TEXT           CODE
 1F0C6H 1F2E1H 0021CH D_CALLOC_TEXT          CODE
 1F2E2H 1F411H 00130H D_DATE_TEXT            CODE
 1F412H 1F475H 00064H D_PROC_TEXT            CODE
 1F476H 1F8FDH 00488H D_SHMEM_TEXT           CODE
 1F8FEH 1F9F1H 000F4H D_WRITE_TEXT           CODE
 1F9F2H 1FA1FH 0002EH S_ABRT_TEXT            CODE
 1FA20H 1FA89H 0006AH S_FPE_TEXT             CODE
 1FA8AH 1FAB7H 0002EH S_ILL_TEXT             CODE
 1FAB8H 1FAEBH 00034H S_INT_TEXT             CODE
 1FAECH 1FB19H 0002EH S_SEGV_TEXT            CODE
 1FB1AH 211D5H 016BCH S_STRING_TEXT          CODE
 211D6H 21203H 0002EH S_TERM_TEXT            CODE
 21204H 27C15H 06A12H _TEXT                  CODE
 27C20H 2A30FH 026F0H EMULATOR_TEXT          CODE
 2A310H 2A363H 00054H IN_DEMO_TEXT           CODE
 2A370H 2A370H 00000H OVERLAY_AREA           CODE
 2D090H 2D090H 00000H OVERLAY_END            CODE
 2D090H 2D090H 00000H C_ETEXT                ENDCODE
 2D090H 2FD91H 02D02H SY41007_DATA           FAR_DATA
 2FDA0H 324AFH 02710H FO_PRN7_DATA           FAR_DATA
 324B0H 33D0FH 01860H MA_MATCH7_DATA         FAR_DATA
 33D10H 344DFH 007D0H MA_MEMO7_DATA          FAR_DATA
 344E0H 34CAFH 007D0H MA_HILFE7_DATA         FAR_DATA
 34CB0H 34D9EH 000EFH DL_LADEN7_DATA         FAR_DATA
 34DA0H 350BFH 00320H DL_ERROR7_DATA         FAR_DATA
 350C0H 3564FH 00590H DL_OPTIO7_DATA         FAR_DATA
 35650H 35751H 00102H IN_LIESZ7_DATA         FAR_DATA
 35760H 35A7FH 00320H MN_INIT7_DATA          FAR_DATA
 35A80H 35C7FH 00200H WI_PRNTF7_DATA         FAR_DATA
 35C80H 35DF7H 00178H E_GLOBAL7_DATA         FAR_DATA
 35E00H 35F6FH 00170H EMULATOR_DATA          FAR_DATA
 35F70H 35FB1H 00042H NULL                   BEGDATA
 35FB2H 40D71H 0ADC0H _DATA                  DATA
 40D72H 40D73H 00002H XIQC                   DATA
 40D74H 40D7FH 0000CH DBDATA                 DATA
 40D80H 40D8DH 0000EH CDATA                  DATA
 40D8EH 40D8EH 00000H XIFB                   DATA
 40D8EH 40D8EH 00000H XIF                    DATA
 40D8EH 40D8EH 00000H XIFE                   DATA
 40D8EH 40D8EH 00000H XIB                    DATA
 40D8EH 40D91H 00004H XI                     DATA
 40D92H 40D92H 00000H XIE                    DATA
 40D92H 40D92H 00000H XPB                    DATA
 40D92H 40D95H 00004H XP                     DATA
 40D96H 40D96H 00000H XPE                    DATA
 40D96H 40D96H 00000H XCB                    DATA
 40D96H 40D96H 00000H XC                     DATA
 40D96H 40D96H 00000H XCE                    DATA
 40D96H 40D96H 00000H XCFB                   DATA
 40D96H 40D96H 00000H XCFCRT                 DATA
 40D96H 40D99H 00004H XCF                    DATA
 40D9AH 40D9AH 00000H XCFE                   DATA
 40D9AH 40D9AH 00000H XIFCB                  DATA
 40D9AH 40D9AH 00000H XIFU                   DATA
 40D9AH 40D9AH 00000H XIFL                   DATA
 40D9AH 40D9AH 00000H XIFM                   DATA
 40D9AH 40D9AH 00000H XIFCE                  DATA
 40D9AH 40D9DH 00004H EXEC                   DATA
 40DA0H 40E0EH 0006FH OVERLAY_DATA           DATA
 40E10H 40EB7H 000A8H CONST                  CONST
 40EB8H 40EBFH 00008H HDR                    MSG
 40EC0H 41116H 00257H MSG                    MSG
 41117H 41118H 00002H PAD                    MSG
 41119H 41119H 00001H EPAD                   MSG
 4111AH 42825H 0170CH _BSS                   BSS
 42826H 42826H 00000H XOB                    BSS
 42826H 428A5H 00080H XO                     BSS
 428A6H 428A6H 00000H XOE                    BSS
 428A6H 428A6H 00000H XOFB                   BSS
 428A6H 428A6H 00000H XOF                    BSS
 428A6H 428A6H 00000H XOFE                   BSS
 428B0H 428B7H 00008H c_common               BSS
 428C0H 447FFH 01F40H STACK                  STACK
 Overlay 1H
 2A370H 2A5A5H 00236H SY_4100_TEXT           CODE
 Overlay 2H
 2A370H 2C55FH 021F0H BA_SAA_TEXT            CODE
 Overlay 3H
 2A370H 2B2A5H 00F36H BA_INIT_TEXT           CODE
 Overlay 4H
 2A370H 2A37BH 0000CH SY4100A_TEXT           CODE
 Overlay 5H
 2A370H 2D087H 02D18H MA_MATCH_TEXT          CODE
 Overlay 6H
 2A370H 2C2C1H 01F52H MA_MEMO_TEXT           CODE
 Overlay 7H
 2A370H 2B771H 01402H MA_HILFE_TEXT          CODE
 Overlay 8H
 2A370H 2C227H 01EB8H MA_INDEX_TEXT          CODE
 Overlay 9H
 2A370H 2AA39H 006CAH MA_MKSEL_TEXT          CODE
 Overlay AH
 2A370H 2B6B3H 01344H DB_OPEN_TEXT           CODE
 Overlay BH
 2A370H 2B701H 01392H DL_LADEN_TEXT          CODE
 Overlay CH
 2A370H 2AEB3H 00B44H DL_HTOOL_TEXT          CODE

 Origin   Group
 35F7:0   DGROUP
