Stack Allocation = 8000 bytes

 Start  Stop   Length Name                   Class
 Resident
 00000H 01997H 01998H FI1500_TEXT            CODE
 01998H 01CCBH 00334H FIBASIS_TEXT           CODE
 01CCCH 035DBH 01910H BA_ISAM_TEXT           CODE
 035DCH 0570BH 02130H BA_SAA_TEXT            CODE
 0570CH 061E7H 00ADCH DL_ERROR_TEXT          CODE
 061E8H 063A7H 001C0H DL_INFO_TEXT           CODE
 063A8H 06863H 004BCH DL_MAUS_TEXT           CODE
 06864H 069C5H 00162H DL_NACHR_TEXT          CODE
 069C6H 073C1H 009FCH DL_OPTIO_TEXT          CODE
 073C2H 07571H 001B0H DL_SHELL_TEXT          CODE
 07572H 07CFBH 0078AH DL_WARN_TEXT           CODE
 07CFCH 07CFCH 00000H E_GLOBAL_TEXT          CODE
 07CFCH 07D27H 0002CH IN_BEEP_TEXT           CODE
 07D28H 08297H 00570H IN_DIAL_TEXT           CODE
 08298H 08491H 001FAH IN_INITV_TEXT          CODE
 08492H 09279H 00DE8H IN_LIESZ_TEXT          CODE
 0927AH 099E7H 0076EH IN_MAUS_TEXT           CODE
 099E8H 0A683H 00C9CH IN_MENUE_TEXT          CODE
 0A684H 0AA55H 003D2H MN_AKTIV_TEXT          CODE
 0AA56H 0AAAFH 0005AH MN_DEAKT_TEXT          CODE
 0AAB0H 0B357H 008A8H MN_EINGA_TEXT          CODE
 0B358H 0BB77H 00820H MN_EINR_TEXT           CODE
 0BB78H 0BCD5H 0015EH MN_ENTF_TEXT           CODE
 0BCD6H 0BD3BH 00066H MN_INIT_TEXT           CODE
 0BD3CH 0BEA5H 0016AH MN_MARK_TEXT           CODE
 0BEA6H 0BFDFH 0013AH MN_SPALE_TEXT          CODE
 0BFE0H 0C0B3H 000D4H MN_SRTYP_TEXT          CODE
 0C0B4H 0C0FDH 0004AH MN_SSCHA_TEXT          CODE
 0C0FEH 0C6C7H 005CAH MS_BASIS_TEXT          CODE
 0C6C8H 0CF1BH 00854H M_BASIS_TEXT           CODE
 0CF1CH 0DB1FH 00C04H M_BOTORE_TEXT          CODE
 0DB20H 0DBC9H 000AAH M_CHOICE_TEXT          CODE
 0DBCAH 0E4B3H 008EAH M_CLOSE_TEXT           CODE
 0E4B4H 0EA99H 005E6H M_COUNT_TEXT           CODE
 0EA9AH 0EE0DH 00374H M_DEFAUL_TEXT          CODE
 0EE0EH 0FB3BH 00D2EH M_FORMAT_TEXT          CODE
 0FB3CH 10AB7H 00F7CH M_INIT_TEXT            CODE
 10AB8H 12837H 01D80H M_INIT2_TEXT           CODE
 12838H 1452FH 01CF8H M_INPUT_TEXT           CODE
 14530H 15C3DH 0170EH M_KEYCOD_TEXT          CODE
 15C3EH 1610DH 004D0H M_MKCHO_TEXT           CODE
 1610EH 161B7H 000AAH M_OKQUES_TEXT          CODE
 161B8H 16F59H 00DA2H M_RETOBO_TEXT          CODE
 16F5AH 16FF7H 0009EH M_SCRDN_TEXT           CODE
 16FF8H 17099H 000A2H M_SCRUP_TEXT           CODE
 1709AH 17347H 002AEH M_SELECT_TEXT          CODE
 17348H 17361H 0001AH UT_ALTCD_TEXT          CODE
 17362H 175C9H 00268H UT_ARRAY_TEXT          CODE
 175CAH 1767FH 000B6H UT_CLRAN_TEXT          CODE
 17680H 176BDH 0003EH UT_DRIVE_TEXT          CODE
 176BEH 177F9H 0013CH UT_EVEHI_TEXT          CODE
 177FAH 17963H 0016AH UT_EVENT_TEXT          CODE
 17964H 17999H 00036H UT_GROSS_TEXT          CODE
 1799AH 179B7H 0001EH UT_KBFLG_TEXT          CODE
 179B8H 179EBH 00034H UT_KLEIN_TEXT          CODE
 179ECH 17B25H 0013AH UT_LINIE_TEXT          CODE
 17B26H 17BA3H 0007EH UT_PAUSE_TEXT          CODE
 17BA4H 17CA5H 00102H UT_RAHME_TEXT          CODE
 17CA6H 17DDDH 00138H UT_SCHAT_TEXT          CODE
 17DDEH 17F21H 00144H UT_SHELL_TEXT          CODE
 17F22H 17F79H 00058H UT_STRLW_TEXT          CODE
 17F7AH 17FD3H 0005AH UT_STRUP_TEXT          CODE
 17FD4H 18033H 00060H UT_TASTE_TEXT          CODE
 18034H 1807FH 0004CH UT_TON_TEXT            CODE
 18080H 180C7H 00048H UT_UHRTK_TEXT          CODE
 180C8H 186E1H 0061AH VI_BASIS_TEXT          CODE
 186E2H 18F17H 00836H WI_AKTIV_TEXT          CODE
 18F18H 195F3H 006DCH WI_BASIS_TEXT          CODE
 195F4H 19643H 00050H WI_CLS_TEXT            CODE
 19644H 19783H 00140H WI_CURS_TEXT           CODE
 19784H 19853H 000D0H WI_EINR_TEXT           CODE
 19854H 19B4DH 002FAH WI_ENTF_TEXT           CODE
 19B4EH 19B95H 00048H WI_ISAKT_TEXT          CODE
 19B96H 1A239H 006A4H WI_PRNTF_TEXT          CODE
 1A23AH 1A325H 000ECH WI_PUTCH_TEXT          CODE
 1A326H 1A489H 00164H WI_SATT_TEXT           CODE
 1A48AH 1A4EDH 00064H WI_SCHAT_TEXT          CODE
 1A4EEH 1A535H 00048H WI_SCPOS_TEXT          CODE
 1A536H 1A5B5H 00080H WI_SCRDN_TEXT          CODE
 1A5B6H 1A635H 00080H WI_SCRUP_TEXT          CODE
 1A636H 1A69BH 00066H WI_SCTYP_TEXT          CODE
 1A69CH 1A937H 0029CH WI_STITL_TEXT          CODE
 1A938H 1ABE3H 002ACH WI_VERST_TEXT          CODE
 1ABE4H 1AC1FH 0003CH DB_ABORT_TEXT          CODE
 1AC20H 1AD99H 0017AH DB_BTRV_TEXT           CODE
 1AD9AH 1AED9H 00140H DB_CLOSE_TEXT          CODE
 1AEDAH 1B069H 00190H DB_DEL_TEXT            CODE
 1B06AH 1B1A5H 0013CH DB_EQ_TEXT             CODE
 1B1A6H 1B3DDH 00238H DB_GE_TEXT             CODE
 1B3DEH 1B5E7H 0020AH DB_INS_TEXT            CODE
 1B5E8H 1B7BDH 001D6H DB_LE_TEXT             CODE
 1B7BEH 1BA93H 002D6H DB_NEXT_TEXT           CODE
 1BA94H 1BC1FH 0018CH DB_PREV_TEXT           CODE
 1BC20H 1BC51H 00032H DB_RESET_TEXT          CODE
 1BC52H 1BCBDH 0006CH DB_SORT_TEXT           CODE
 1BCBEH 1BD4FH 00092H DB_TRANA_TEXT          CODE
 1BD50H 1BE69H 0011AH DB_TRANB_TEXT          CODE
 1BE6AH 1BF4FH 000E6H DB_TRANE_TEXT          CODE
 1BF50H 1C149H 001FAH DB_UNLOC_TEXT          CODE
 1C14AH 1C3CDH 00284H DB_UPD_TEXT            CODE
 1C3CEH 1C41DH 00050H DB_VERS_TEXT           CODE
 1C41EH 1C639H 0021CH D_CALLOC_TEXT          CODE
 1C63AH 1C769H 00130H D_DATE_TEXT            CODE
 1C76AH 1C7CDH 00064H D_PROC_TEXT            CODE
 1C7CEH 1CC55H 00488H D_SHMEM_TEXT           CODE
 1CC56H 1CD49H 000F4H D_WRITE_TEXT           CODE
 1CD4AH 1CD77H 0002EH S_ABRT_TEXT            CODE
 1CD78H 1CDE1H 0006AH S_FPE_TEXT             CODE
 1CDE2H 1CE0FH 0002EH S_ILL_TEXT             CODE
 1CE10H 1CE43H 00034H S_INT_TEXT             CODE
 1CE44H 1CE71H 0002EH S_SEGV_TEXT            CODE
 1CE72H 1E52DH 016BCH S_STRING_TEXT          CODE
 1E52EH 1E55BH 0002EH S_TERM_TEXT            CODE
 1E55CH 2477BH 06220H _TEXT                  CODE
 24780H 26E6FH 026F0H EMULATOR_TEXT          CODE
 26E70H 26EC3H 00054H IN_DEMO_TEXT           CODE
 26ED0H 26ED0H 00000H OVERLAY_AREA           CODE
 2ACD0H 2ACD0H 00000H OVERLAY_END            CODE
 2ACD0H 2ACD0H 00000H C_ETEXT                ENDCODE
 2ACD0H 2C530H 01861H FI15007_DATA           FAR_DATA
 2C540H 2DD9FH 01860H MA_MATCH7_DATA         FAR_DATA
 2DDA0H 2E56FH 007D0H MA_MEMO7_DATA          FAR_DATA
 2E570H 2ED3FH 007D0H MA_HILFE7_DATA         FAR_DATA
 2ED40H 2EE2EH 000EFH DL_LADEN7_DATA         FAR_DATA
 2EE30H 2F14FH 00320H DL_ERROR7_DATA         FAR_DATA
 2F150H 2F6DFH 00590H DL_OPTIO7_DATA         FAR_DATA
 2F6E0H 2F857H 00178H E_GLOBAL7_DATA         FAR_DATA
 2F860H 2F961H 00102H IN_LIESZ7_DATA         FAR_DATA
 2F970H 2FC8FH 00320H MN_INIT7_DATA          FAR_DATA
 2FC90H 2FE8FH 00200H WI_PRNTF7_DATA         FAR_DATA
 2FE90H 2FFFFH 00170H EMULATOR_DATA          FAR_DATA
 30000H 30041H 00042H NULL                   BEGDATA
 30042H 3BE37H 0BDF6H _DATA                  DATA
 3BE38H 3BE39H 00002H XIQC                   DATA
 3BE3AH 3BE45H 0000CH DBDATA                 DATA
 3BE46H 3BE53H 0000EH CDATA                  DATA
 3BE54H 3BE54H 00000H XIFB                   DATA
 3BE54H 3BE54H 00000H XIF                    DATA
 3BE54H 3BE54H 00000H XIFE                   DATA
 3BE54H 3BE54H 00000H XIB                    DATA
 3BE54H 3BE57H 00004H XI                     DATA
 3BE58H 3BE58H 00000H XIE                    DATA
 3BE58H 3BE58H 00000H XPB                    DATA
 3BE58H 3BE5BH 00004H XP                     DATA
 3BE5CH 3BE5CH 00000H XPE                    DATA
 3BE5CH 3BE5CH 00000H XCB                    DATA
 3BE5CH 3BE5CH 00000H XC                     DATA
 3BE5CH 3BE5CH 00000H XCE                    DATA
 3BE5CH 3BE5CH 00000H XCFB                   DATA
 3BE5CH 3BE5CH 00000H XCFCRT                 DATA
 3BE5CH 3BE5FH 00004H XCF                    DATA
 3BE60H 3BE60H 00000H XCFE                   DATA
 3BE60H 3BE60H 00000H XIFCB                  DATA
 3BE60H 3BE60H 00000H XIFU                   DATA
 3BE60H 3BE60H 00000H XIFL                   DATA
 3BE60H 3BE60H 00000H XIFM                   DATA
 3BE60H 3BE60H 00000H XIFCE                  DATA
 3BE60H 3BE63H 00004H EXEC                   DATA
 3BE70H 3BEDEH 0006FH OVERLAY_DATA           DATA
 3BEE0H 3BF9DH 000BEH CONST                  CONST
 3BF9EH 3BFA5H 00008H HDR                    MSG
 3BFA6H 3C152H 001ADH MSG                    MSG
 3C153H 3C154H 00002H PAD                    MSG
 3C155H 3C155H 00001H EPAD                   MSG
 3C156H 3D593H 0143EH _BSS                   BSS
 3D594H 3D594H 00000H XOB                    BSS
 3D594H 3D613H 00080H XO                     BSS
 3D614H 3D614H 00000H XOE                    BSS
 3D614H 3D614H 00000H XOFB                   BSS
 3D614H 3D614H 00000H XOF                    BSS
 3D614H 3D614H 00000H XOFE                   BSS
 3D620H 3D627H 00008H c_common               BSS
 3D630H 3F56FH 01F40H STACK                  STACK
 Overlay 1H
 26ED0H 2741BH 0054CH FI_1500_TEXT           CODE
 Overlay 2H
 26ED0H 27E05H 00F36H BA_INIT_TEXT           CODE
 Overlay 3H
 26ED0H 2ACCFH 03E00H FI1510A_TEXT           CODE
 Overlay 4H
 26ED0H 26F57H 00088H FI1510B_TEXT           CODE
 Overlay 5H
 26ED0H 29BE7H 02D18H MA_MATCH_TEXT          CODE
 Overlay 6H
 26ED0H 28E21H 01F52H MA_MEMO_TEXT           CODE
 Overlay 7H
 26ED0H 282D1H 01402H MA_HILFE_TEXT          CODE
 Overlay 8H
 26ED0H 28D87H 01EB8H MA_INDEX_TEXT          CODE
 Overlay 9H
 26ED0H 27599H 006CAH MA_MKSEL_TEXT          CODE
 Overlay AH
 26ED0H 28213H 01344H DB_OPEN_TEXT           CODE
 Overlay BH
 26ED0H 28261H 01392H DL_LADEN_TEXT          CODE
 Overlay CH
 26ED0H 27A13H 00B44H DL_HTOOL_TEXT          CODE

 Origin   Group
 3000:0   DGROUP
