Stack Allocation = 8000 bytes

 Start  Stop   Length Name                   Class
 Resident
 00000H 04055H 04056H FI4100_TEXT            CODE
 04056H 05965H 01910H BA_ISAM_TEXT           CODE
 05966H 064ADH 00B48H BA_PRN1_TEXT           CODE
 064AEH 06D07H 0085AH BA_PRN2_TEXT           CODE
 06D08H 08EB3H 021ACH FO_PRN_TEXT            CODE
 08EB4H 0998FH 00ADCH DL_ERROR_TEXT          CODE
 09990H 09B4FH 001C0H DL_INFO_TEXT           CODE
 09B50H 0A00BH 004BCH DL_MAUS_TEXT           CODE
 0A00CH 0A16DH 00162H DL_NACHR_TEXT          CODE
 0A16EH 0AB69H 009FCH DL_OPTIO_TEXT          CODE
 0AB6AH 0AD19H 001B0H DL_SHELL_TEXT          CODE
 0AD1AH 0B071H 00358H DL_SPEIC_TEXT          CODE
 0B072H 0B7FBH 0078AH DL_WARN_TEXT           CODE
 0B7FCH 0B7FCH 00000H E_GLOBAL_TEXT          CODE
 0B7FCH 0B827H 0002CH IN_BEEP_TEXT           CODE
 0B828H 0BD97H 00570H IN_DIAL_TEXT           CODE
 0BD98H 0BF91H 001FAH IN_INITV_TEXT          CODE
 0BF92H 0CD79H 00DE8H IN_LIESZ_TEXT          CODE
 0CD7AH 0D4E7H 0076EH IN_MAUS_TEXT           CODE
 0D4E8H 0E183H 00C9CH IN_MENUE_TEXT          CODE
 0E184H 0E555H 003D2H MN_AKTIV_TEXT          CODE
 0E556H 0E5AFH 0005AH MN_DEAKT_TEXT          CODE
 0E5B0H 0EE57H 008A8H MN_EINGA_TEXT          CODE
 0EE58H 0F677H 00820H MN_EINR_TEXT           CODE
 0F678H 0F7D5H 0015EH MN_ENTF_TEXT           CODE
 0F7D6H 0F83BH 00066H MN_INIT_TEXT           CODE
 0F83CH 0F9A5H 0016AH MN_MARK_TEXT           CODE
 0F9A6H 0FADFH 0013AH MN_SPALE_TEXT          CODE
 0FAE0H 0FBB3H 000D4H MN_SRTYP_TEXT          CODE
 0FBB4H 0FBFDH 0004AH MN_SSCHA_TEXT          CODE
 0FBFEH 101C7H 005CAH MS_BASIS_TEXT          CODE
 101C8H 10A1BH 00854H M_BASIS_TEXT           CODE
 10A1CH 1161FH 00C04H M_BOTORE_TEXT          CODE
 11620H 116C9H 000AAH M_CHOICE_TEXT          CODE
 116CAH 11FB3H 008EAH M_CLOSE_TEXT           CODE
 11FB4H 12599H 005E6H M_COUNT_TEXT           CODE
 1259AH 1290DH 00374H M_DEFAUL_TEXT          CODE
 1290EH 1363BH 00D2EH M_FORMAT_TEXT          CODE
 1363CH 145B7H 00F7CH M_INIT_TEXT            CODE
 145B8H 16337H 01D80H M_INIT2_TEXT           CODE
 16338H 1802FH 01CF8H M_INPUT_TEXT           CODE
 18030H 1973DH 0170EH M_KEYCOD_TEXT          CODE
 1973EH 19C0DH 004D0H M_MKCHO_TEXT           CODE
 19C0EH 19CB7H 000AAH M_OKQUES_TEXT          CODE
 19CB8H 1AA59H 00DA2H M_RETOBO_TEXT          CODE
 1AA5AH 1AAF7H 0009EH M_SCRDN_TEXT           CODE
 1AAF8H 1AB99H 000A2H M_SCRUP_TEXT           CODE
 1AB9AH 1AE47H 002AEH M_SELECT_TEXT          CODE
 1AE48H 1AE61H 0001AH UT_ALTCD_TEXT          CODE
 1AE62H 1B0C9H 00268H UT_ARRAY_TEXT          CODE
 1B0CAH 1B17FH 000B6H UT_CLRAN_TEXT          CODE
 1B180H 1B2B7H 00138H UT_DA2TA_TEXT          CODE
 1B2B8H 1B4B5H 001FEH UT_DNGUE_TEXT          CODE
 1B4B6H 1B4F3H 0003EH UT_DRIVE_TEXT          CODE
 1B4F4H 1B62FH 0013CH UT_EVEHI_TEXT          CODE
 1B630H 1B799H 0016AH UT_EVENT_TEXT          CODE
 1B79AH 1B7CFH 00036H UT_GROSS_TEXT          CODE
 1B7D0H 1B7EDH 0001EH UT_KBFLG_TEXT          CODE
 1B7EEH 1B821H 00034H UT_KLEIN_TEXT          CODE
 1B822H 1B95BH 0013AH UT_LINIE_TEXT          CODE
 1B95CH 1B9D9H 0007EH UT_PAUSE_TEXT          CODE
 1B9DAH 1BADBH 00102H UT_RAHME_TEXT          CODE
 1BADCH 1BC13H 00138H UT_SCHAT_TEXT          CODE
 1BC14H 1BD57H 00144H UT_SHELL_TEXT          CODE
 1BD58H 1BDAFH 00058H UT_STRLW_TEXT          CODE
 1BDB0H 1BE09H 0005AH UT_STRUP_TEXT          CODE
 1BE0AH 1BF1FH 00116H UT_TA2DA_TEXT          CODE
 1BF20H 1BF7FH 00060H UT_TASTE_TEXT          CODE
 1BF80H 1BFCBH 0004CH UT_TON_TEXT            CODE
 1BFCCH 1C013H 00048H UT_UHRTK_TEXT          CODE
 1C014H 1C62DH 0061AH VI_BASIS_TEXT          CODE
 1C62EH 1CE63H 00836H WI_AKTIV_TEXT          CODE
 1CE64H 1D53FH 006DCH WI_BASIS_TEXT          CODE
 1D540H 1D58FH 00050H WI_CLS_TEXT            CODE
 1D590H 1D6CFH 00140H WI_CURS_TEXT           CODE
 1D6D0H 1D79FH 000D0H WI_EINR_TEXT           CODE
 1D7A0H 1DA99H 002FAH WI_ENTF_TEXT           CODE
 1DA9AH 1DAE1H 00048H WI_ISAKT_TEXT          CODE
 1DAE2H 1E185H 006A4H WI_PRNTF_TEXT          CODE
 1E186H 1E271H 000ECH WI_PUTCH_TEXT          CODE
 1E272H 1E3D5H 00164H WI_SATT_TEXT           CODE
 1E3D6H 1E439H 00064H WI_SCHAT_TEXT          CODE
 1E43AH 1E481H 00048H WI_SCPOS_TEXT          CODE
 1E482H 1E501H 00080H WI_SCRDN_TEXT          CODE
 1E502H 1E581H 00080H WI_SCRUP_TEXT          CODE
 1E582H 1E5E7H 00066H WI_SCTYP_TEXT          CODE
 1E5E8H 1E883H 0029CH WI_STITL_TEXT          CODE
 1E884H 1EB2FH 002ACH WI_VERST_TEXT          CODE
 1EB30H 1EB6BH 0003CH DB_ABORT_TEXT          CODE
 1EB6CH 1ECE5H 0017AH DB_BTRV_TEXT           CODE
 1ECE6H 1EE25H 00140H DB_CLOSE_TEXT          CODE
 1EE26H 1EFB5H 00190H DB_DEL_TEXT            CODE
 1EFB6H 1F0F1H 0013CH DB_EQ_TEXT             CODE
 1F0F2H 1F329H 00238H DB_GE_TEXT             CODE
 1F32AH 1F533H 0020AH DB_INS_TEXT            CODE
 1F534H 1F709H 001D6H DB_LE_TEXT             CODE
 1F70AH 1F9DFH 002D6H DB_NEXT_TEXT           CODE
 1F9E0H 1FB6BH 0018CH DB_PREV_TEXT           CODE
 1FB6CH 1FB9DH 00032H DB_RESET_TEXT          CODE
 1FB9EH 1FC09H 0006CH DB_SORT_TEXT           CODE
 1FC0AH 1FC9BH 00092H DB_TRANA_TEXT          CODE
 1FC9CH 1FDB5H 0011AH DB_TRANB_TEXT          CODE
 1FDB6H 1FE9BH 000E6H DB_TRANE_TEXT          CODE
 1FE9CH 20095H 001FAH DB_UNLOC_TEXT          CODE
 20096H 20319H 00284H DB_UPD_TEXT            CODE
 2031AH 20369H 00050H DB_VERS_TEXT           CODE
 2036AH 20585H 0021CH D_CALLOC_TEXT          CODE
 20586H 206B5H 00130H D_DATE_TEXT            CODE
 206B6H 20719H 00064H D_PROC_TEXT            CODE
 2071AH 20BA1H 00488H D_SHMEM_TEXT           CODE
 20BA2H 20BCFH 0002EH S_ABRT_TEXT            CODE
 20BD0H 20C39H 0006AH S_FPE_TEXT             CODE
 20C3AH 20C67H 0002EH S_ILL_TEXT             CODE
 20C68H 20C9BH 00034H S_INT_TEXT             CODE
 20C9CH 20CC9H 0002EH S_SEGV_TEXT            CODE
 20CCAH 22385H 016BCH S_STRING_TEXT          CODE
 22386H 223B3H 0002EH S_TERM_TEXT            CODE
 223B4H 28DA7H 069F4H _TEXT                  CODE
 28DB0H 2B49FH 026F0H EMULATOR_TEXT          CODE
 2B4A0H 2B4F3H 00054H IN_DEMO_TEXT           CODE
 2B500H 2B500H 00000H OVERLAY_AREA           CODE
 2E220H 2E220H 00000H OVERLAY_END            CODE
 2E220H 2E220H 00000H C_ETEXT                ENDCODE
 2E220H 30F3EH 02D1FH FI41007_DATA           FAR_DATA
 30F40H 3364FH 02710H FO_PRN7_DATA           FAR_DATA
 33650H 34EAFH 01860H MA_MATCH7_DATA         FAR_DATA
 34EB0H 3567FH 007D0H MA_HILFE7_DATA         FAR_DATA
 35680H 3576EH 000EFH DL_LADEN7_DATA         FAR_DATA
 35770H 35A8FH 00320H DL_ERROR7_DATA         FAR_DATA
 35A90H 3601FH 00590H DL_OPTIO7_DATA         FAR_DATA
 36020H 36197H 00178H E_GLOBAL7_DATA         FAR_DATA
 361A0H 362A1H 00102H IN_LIESZ7_DATA         FAR_DATA
 362B0H 365CFH 00320H MN_INIT7_DATA          FAR_DATA
 365D0H 367CFH 00200H WI_PRNTF7_DATA         FAR_DATA
 367D0H 3693FH 00170H EMULATOR_DATA          FAR_DATA
 36940H 36981H 00042H NULL                   BEGDATA
 36982H 40E3DH 0A4BCH _DATA                  DATA
 40E3EH 40E3FH 00002H XIQC                   DATA
 40E40H 40E4BH 0000CH DBDATA                 DATA
 40E4CH 40E59H 0000EH CDATA                  DATA
 40E5AH 40E5AH 00000H XIFB                   DATA
 40E5AH 40E5AH 00000H XIF                    DATA
 40E5AH 40E5AH 00000H XIFE                   DATA
 40E5AH 40E5AH 00000H XIB                    DATA
 40E5AH 40E5DH 00004H XI                     DATA
 40E5EH 40E5EH 00000H XIE                    DATA
 40E5EH 40E5EH 00000H XPB                    DATA
 40E5EH 40E61H 00004H XP                     DATA
 40E62H 40E62H 00000H XPE                    DATA
 40E62H 40E62H 00000H XCB                    DATA
 40E62H 40E62H 00000H XC                     DATA
 40E62H 40E62H 00000H XCE                    DATA
 40E62H 40E62H 00000H XCFB                   DATA
 40E62H 40E62H 00000H XCFCRT                 DATA
 40E62H 40E65H 00004H XCF                    DATA
 40E66H 40E66H 00000H XCFE                   DATA
 40E66H 40E66H 00000H XIFCB                  DATA
 40E66H 40E66H 00000H XIFU                   DATA
 40E66H 40E66H 00000H XIFL                   DATA
 40E66H 40E66H 00000H XIFM                   DATA
 40E66H 40E66H 00000H XIFCE                  DATA
 40E66H 40E69H 00004H EXEC                   DATA
 40E70H 40EC9H 0005AH OVERLAY_DATA           DATA
 40ECAH 40F7BH 000B2H CONST                  CONST
 40F7CH 40F83H 00008H HDR                    MSG
 40F84H 411DAH 00257H MSG                    MSG
 411DBH 411DCH 00002H PAD                    MSG
 411DDH 411DDH 00001H EPAD                   MSG
 411DEH 428E9H 0170CH _BSS                   BSS
 428EAH 428EAH 00000H XOB                    BSS
 428EAH 42969H 00080H XO                     BSS
 4296AH 4296AH 00000H XOE                    BSS
 4296AH 4296AH 00000H XOFB                   BSS
 4296AH 4296AH 00000H XOF                    BSS
 4296AH 4296AH 00000H XOFE                   BSS
 42970H 42977H 00008H c_common               BSS
 42980H 448BFH 01F40H STACK                  STACK
 Overlay 1H
 2B500H 2BC1BH 0071CH FI_4110_TEXT           CODE
 Overlay 2H
 2B500H 2D62FH 02130H BA_SAA_TEXT            CODE
 Overlay 3H
 2B500H 2C435H 00F36H BA_INIT_TEXT           CODE
 Overlay 4H
 2B500H 2D92DH 0242EH FI4110A_TEXT           CODE
 Overlay 5H
 2B500H 2E217H 02D18H MA_MATCH_TEXT          CODE
 Overlay 6H
 2B500H 2C901H 01402H MA_HILFE_TEXT          CODE
 Overlay 7H
 2B500H 2BBC9H 006CAH MA_MKSEL_TEXT          CODE
 Overlay 8H
 2B500H 2C843H 01344H DB_OPEN_TEXT           CODE
 Overlay 9H
 2B500H 2C891H 01392H DL_LADEN_TEXT          CODE

 Origin   Group
 3694:0   DGROUP
