Stack Allocation = 8000 bytes

 Start  Stop   Length Name                   Class
 00000H 0206FH 02070H MENU_TEXT              CODE
 02070H 02BB3H 00B44H DL_HTOOL_TEXT          CODE
 02BB4H 04B05H 01F52H MA_MEMO_TEXT           CODE
 04B06H 05F07H 01402H MA_HILFE_TEXT          CODE
 05F08H 07DBFH 01EB8H MA_INDEX_TEXT          CODE
 07DC0H 08489H 006CAH MA_MKSEL_TEXT          CODE
 0848AH 08F7BH 00AF2H DL_MASK_TEXT           CODE
 08F7CH 09AAFH 00B34H DL_FORM_TEXT           CODE
 09AB0H 0AE41H 01392H DL_LADEN_TEXT          CODE
 0AE42H 0B3D3H 00592H DL_DATUM_TEXT          CODE
 0B3D4H 0BEAFH 00ADCH DL_ERROR_TEXT          CODE
 0BEB0H 0C06FH 001C0H DL_INFO_TEXT           CODE
 0C070H 0CA7BH 00A0CH DL_INST_TEXT           CODE
 0CA7CH 0CF37H 004BCH DL_MAUS_TEXT           CODE
 0CF38H 0D099H 00162H DL_NACHR_TEXT          CODE
 0D09AH 0D4E9H 00450H DL_PALET_TEXT          CODE
 0D4EAH 0D699H 001B0H DL_SHELL_TEXT          CODE
 0D69AH 0D6F5H 0005CH DL_TASTH_TEXT          CODE
 0D6F6H 0DE7FH 0078AH DL_WARN_TEXT           CODE
 0DE80H 0DEABH 0002CH IN_BEEP_TEXT           CODE
 0DEACH 0E41BH 00570H IN_DIAL_TEXT           CODE
 0E41CH 0E615H 001FAH IN_INITV_TEXT          CODE
 0E616H 0F3FDH 00DE8H IN_LIESZ_TEXT          CODE
 0F3FEH 0FB6BH 0076EH IN_MAUS_TEXT           CODE
 0FB6CH 10807H 00C9CH IN_MENUE_TEXT          CODE
 10808H 10BD9H 003D2H MN_AKTIV_TEXT          CODE
 10BDAH 10C33H 0005AH MN_DEAKT_TEXT          CODE
 10C34H 114DBH 008A8H MN_EINGA_TEXT          CODE
 114DCH 11CFBH 00820H MN_EINR_TEXT           CODE
 11CFCH 11E59H 0015EH MN_ENTF_TEXT           CODE
 11E5AH 11FC3H 0016AH MN_MARK_TEXT           CODE
 11FC4H 1207FH 000BCH MN_OPTIO_TEXT          CODE
 12080H 121B9H 0013AH MN_SPALE_TEXT          CODE
 121BAH 1228DH 000D4H MN_SRTYP_TEXT          CODE
 1228EH 122D7H 0004AH MN_SSCHA_TEXT          CODE
 122D8H 128A1H 005CAH MS_BASIS_TEXT          CODE
 128A2H 12D71H 004D0H M_MKCHO_TEXT           CODE
 12D72H 12E1BH 000AAH M_OKQUES_TEXT          CODE
 12E1CH 12E35H 0001AH UT_ALTCD_TEXT          CODE
 12E36H 1309DH 00268H UT_ARRAY_TEXT          CODE
 1309EH 13153H 000B6H UT_CLRAN_TEXT          CODE
 13154H 13191H 0003EH UT_DRIVE_TEXT          CODE
 13192H 132CDH 0013CH UT_EVEHI_TEXT          CODE
 132CEH 13437H 0016AH UT_EVENT_TEXT          CODE
 13438H 1346DH 00036H UT_GROSS_TEXT          CODE
 1346EH 1348BH 0001EH UT_KBFLG_TEXT          CODE
 1348CH 134BFH 00034H UT_KLEIN_TEXT          CODE
 134C0H 1353DH 0007EH UT_PAUSE_TEXT          CODE
 1353EH 1363FH 00102H UT_RAHME_TEXT          CODE
 13640H 13777H 00138H UT_SCHAT_TEXT          CODE
 13778H 138BBH 00144H UT_SHELL_TEXT          CODE
 138BCH 13913H 00058H UT_STRLW_TEXT          CODE
 13914H 1396DH 0005AH UT_STRUP_TEXT          CODE
 1396EH 139CDH 00060H UT_TASTE_TEXT          CODE
 139CEH 13A19H 0004CH UT_TON_TEXT            CODE
 13A1AH 13A61H 00048H UT_UHRTK_TEXT          CODE
 13A62H 1407BH 0061AH VI_BASIS_TEXT          CODE
 1407CH 148B1H 00836H WI_AKTIV_TEXT          CODE
 148B2H 14F8DH 006DCH WI_BASIS_TEXT          CODE
 14F8EH 14FDDH 00050H WI_CLS_TEXT            CODE
 14FDEH 1511DH 00140H WI_CURS_TEXT           CODE
 1511EH 151EDH 000D0H WI_EINR_TEXT           CODE
 151EEH 154E7H 002FAH WI_ENTF_TEXT           CODE
 154E8H 1552FH 00048H WI_ISAKT_TEXT          CODE
 15530H 15BD3H 006A4H WI_PRNTF_TEXT          CODE
 15BD4H 15CBFH 000ECH WI_PUTCH_TEXT          CODE
 15CC0H 15E23H 00164H WI_SATT_TEXT           CODE
 15E24H 15E87H 00064H WI_SCHAT_TEXT          CODE
 15E88H 15ECFH 00048H WI_SCPOS_TEXT          CODE
 15ED0H 15F4FH 00080H WI_SCRUP_TEXT          CODE
 15F50H 15FB5H 00066H WI_SCTYP_TEXT          CODE
 15FB6H 16251H 0029CH WI_STITL_TEXT          CODE
 16252H 164FDH 002ACH WI_VERST_TEXT          CODE
 164FEH 164FEH 00000H E_GLOBAL_TEXT          CODE
 164FEH 16D67H 0086AH M_BASIS_TEXT           CODE
 16D68H 1776FH 00A08H DL_OPTIO_TEXT          CODE
 17770H 177ABH 0003CH DB_ABORT_TEXT          CODE
 177ACH 17925H 0017AH DB_BTRV_TEXT           CODE
 17926H 17957H 00032H DB_RESET_TEXT          CODE
 17958H 17979H 00022H DB_STOP_TEXT           CODE
 1797AH 17A0BH 00092H DB_TRANA_TEXT          CODE
 17A0CH 17A5BH 00050H DB_VERS_TEXT           CODE
 17A5CH 17C77H 0021CH D_CALLOC_TEXT          CODE
 17C78H 17DA7H 00130H D_DATE_TEXT            CODE
 17DA8H 17E0BH 00064H D_PROC_TEXT            CODE
 17E0CH 18293H 00488H D_SHMEM_TEXT           CODE
 18294H 18387H 000F4H D_WRITE_TEXT           CODE
 18388H 183B5H 0002EH S_ABRT_TEXT            CODE
 183B6H 1841FH 0006AH S_FPE_TEXT             CODE
 18420H 1844DH 0002EH S_ILL_TEXT             CODE
 1844EH 18481H 00034H S_INT_TEXT             CODE
 18482H 184AFH 0002EH S_SEGV_TEXT            CODE
 184B0H 19B6BH 016BCH S_STRING_TEXT          CODE
 19B6CH 19B99H 0002EH S_TERM_TEXT            CODE
 19B9AH 1F485H 058ECH _TEXT                  CODE
 1F490H 21B7FH 026F0H EMULATOR_TEXT          CODE
 21B80H 21B80H 00000H C_ETEXT                ENDCODE
 21B80H 21F8FH 00410H MENU7_DATA             FAR_DATA
 21F90H 2275FH 007D0H MA_MEMO7_DATA          FAR_DATA
 22760H 22F2FH 007D0H MA_HILFE7_DATA         FAR_DATA
 22F30H 2301EH 000EFH DL_LADEN7_DATA         FAR_DATA
 23020H 231D9H 001BAH DL_DATUM7_DATA         FAR_DATA
 231E0H 234FFH 00320H DL_ERROR7_DATA         FAR_DATA
 23500H 23601H 00102H IN_LIESZ7_DATA         FAR_DATA
 23610H 2380FH 00200H WI_PRNTF7_DATA         FAR_DATA
 23810H 23987H 00178H E_GLOBAL7_DATA         FAR_DATA
 23990H 23F1FH 00590H DL_OPTIO7_DATA         FAR_DATA
 23F20H 2408FH 00170H EMULATOR_DATA          FAR_DATA
 24090H 240D1H 00042H NULL                   BEGDATA
 240D2H 2A92DH 0685CH _DATA                  DATA
 2A92EH 2A92FH 00002H XIQC                   DATA
 2A930H 2A93BH 0000CH DBDATA                 DATA
 2A93CH 2A949H 0000EH CDATA                  DATA
 2A94AH 2A94AH 00000H XIFB                   DATA
 2A94AH 2A94AH 00000H XIF                    DATA
 2A94AH 2A94AH 00000H XIFE                   DATA
 2A94AH 2A94AH 00000H XIB                    DATA
 2A94AH 2A94DH 00004H XI                     DATA
 2A94EH 2A94EH 00000H XIE                    DATA
 2A94EH 2A94EH 00000H XPB                    DATA
 2A94EH 2A951H 00004H XP                     DATA
 2A952H 2A952H 00000H XPE                    DATA
 2A952H 2A952H 00000H XCB                    DATA
 2A952H 2A952H 00000H XC                     DATA
 2A952H 2A952H 00000H XCE                    DATA
 2A952H 2A952H 00000H XCFB                   DATA
 2A952H 2A952H 00000H XCFCRT                 DATA
 2A952H 2A952H 00000H XCF                    DATA
 2A952H 2A952H 00000H XCFE                   DATA
 2A952H 2A952H 00000H XIFCB                  DATA
 2A952H 2A952H 00000H XIFU                   DATA
 2A952H 2A952H 00000H XIFL                   DATA
 2A952H 2A952H 00000H XIFM                   DATA
 2A952H 2A952H 00000H XIFCE                  DATA
 2A952H 2A955H 00004H EXEC                   DATA
 2A956H 2A9B1H 0005CH CONST                  CONST
 2A9B2H 2A9B9H 00008H HDR                    MSG
 2A9BAH 2AC10H 00257H MSG                    MSG
 2AC11H 2AC12H 00002H PAD                    MSG
 2AC13H 2AC13H 00001H EPAD                   MSG
 2AC14H 2BB5BH 00F48H _BSS                   BSS
 2BB5CH 2BB5CH 00000H XOB                    BSS
 2BB5CH 2BBDBH 00080H XO                     BSS
 2BBDCH 2BBDCH 00000H XOE                    BSS
 2BBDCH 2BBDCH 00000H XOFB                   BSS
 2BBDCH 2BBDCH 00000H XOF                    BSS
 2BBDCH 2BBDCH 00000H XOFE                   BSS
 2BBE0H 2BBE7H 00008H c_common               BSS
 2BBF0H 2DB2FH 01F40H STACK                  STACK

 Origin   Group
 2409:0   DGROUP

Program entry point at 19B9:001A
