Stack Allocation = 8000 bytes

 Start  Stop   Length Name                   Class
 Resident
 00000H 0443DH 0443EH ST1100_TEXT            CODE
 0443EH 05D4DH 01910H BA_ISAM_TEXT           CODE
 05D4EH 07E7DH 02130H BA_SAA_TEXT            CODE
 07E7EH 08959H 00ADCH DL_ERROR_TEXT          CODE
 0895AH 08B19H 001C0H DL_INFO_TEXT           CODE
 08B1AH 08FD5H 004BCH DL_MAUS_TEXT           CODE
 08FD6H 09137H 00162H DL_NACHR_TEXT          CODE
 09138H 09B33H 009FCH DL_OPTIO_TEXT          CODE
 09B34H 09CE3H 001B0H DL_SHELL_TEXT          CODE
 09CE4H 0A46DH 0078AH DL_WARN_TEXT           CODE
 0A46EH 0A46EH 00000H E_GLOBAL_TEXT          CODE
 0A46EH 0A499H 0002CH IN_BEEP_TEXT           CODE
 0A49AH 0AA09H 00570H IN_DIAL_TEXT           CODE
 0AA0AH 0AC03H 001FAH IN_INITV_TEXT          CODE
 0AC04H 0B9EBH 00DE8H IN_LIESZ_TEXT          CODE
 0B9ECH 0C159H 0076EH IN_MAUS_TEXT           CODE
 0C15AH 0CDF5H 00C9CH IN_MENUE_TEXT          CODE
 0CDF6H 0D1C7H 003D2H MN_AKTIV_TEXT          CODE
 0D1C8H 0D221H 0005AH MN_DEAKT_TEXT          CODE
 0D222H 0DAC9H 008A8H MN_EINGA_TEXT          CODE
 0DACAH 0E2E9H 00820H MN_EINR_TEXT           CODE
 0E2EAH 0E447H 0015EH MN_ENTF_TEXT           CODE
 0E448H 0E4ADH 00066H MN_INIT_TEXT           CODE
 0E4AEH 0E617H 0016AH MN_MARK_TEXT           CODE
 0E618H 0E751H 0013AH MN_SPALE_TEXT          CODE
 0E752H 0E825H 000D4H MN_SRTYP_TEXT          CODE
 0E826H 0E86FH 0004AH MN_SSCHA_TEXT          CODE
 0E870H 0EE39H 005CAH MS_BASIS_TEXT          CODE
 0EE3AH 0F68DH 00854H M_BASIS_TEXT           CODE
 0F68EH 10291H 00C04H M_BOTORE_TEXT          CODE
 10292H 1033BH 000AAH M_CHOICE_TEXT          CODE
 1033CH 10C25H 008EAH M_CLOSE_TEXT           CODE
 10C26H 1120BH 005E6H M_COUNT_TEXT           CODE
 1120CH 1157FH 00374H M_DEFAUL_TEXT          CODE
 11580H 122ADH 00D2EH M_FORMAT_TEXT          CODE
 122AEH 13229H 00F7CH M_INIT_TEXT            CODE
 1322AH 14FA9H 01D80H M_INIT2_TEXT           CODE
 14FAAH 16CA1H 01CF8H M_INPUT_TEXT           CODE
 16CA2H 183AFH 0170EH M_KEYCOD_TEXT          CODE
 183B0H 1887FH 004D0H M_MKCHO_TEXT           CODE
 18880H 18929H 000AAH M_OKQUES_TEXT          CODE
 1892AH 196CBH 00DA2H M_RETOBO_TEXT          CODE
 196CCH 19769H 0009EH M_SCRDN_TEXT           CODE
 1976AH 1980BH 000A2H M_SCRUP_TEXT           CODE
 1980CH 19AB9H 002AEH M_SELECT_TEXT          CODE
 19ABAH 19AD3H 0001AH UT_ALTCD_TEXT          CODE
 19AD4H 19D3BH 00268H UT_ARRAY_TEXT          CODE
 19D3CH 19DF1H 000B6H UT_CLRAN_TEXT          CODE
 19DF2H 19E2FH 0003EH UT_DRIVE_TEXT          CODE
 19E30H 19F6BH 0013CH UT_EVEHI_TEXT          CODE
 19F6CH 1A0D5H 0016AH UT_EVENT_TEXT          CODE
 1A0D6H 1A10BH 00036H UT_GROSS_TEXT          CODE
 1A10CH 1A129H 0001EH UT_KBFLG_TEXT          CODE
 1A12AH 1A15DH 00034H UT_KLEIN_TEXT          CODE
 1A15EH 1A297H 0013AH UT_LINIE_TEXT          CODE
 1A298H 1A315H 0007EH UT_PAUSE_TEXT          CODE
 1A316H 1A417H 00102H UT_RAHME_TEXT          CODE
 1A418H 1A54FH 00138H UT_SCHAT_TEXT          CODE
 1A550H 1A693H 00144H UT_SHELL_TEXT          CODE
 1A694H 1A6EBH 00058H UT_STRLW_TEXT          CODE
 1A6ECH 1A745H 0005AH UT_STRUP_TEXT          CODE
 1A746H 1A7A5H 00060H UT_TASTE_TEXT          CODE
 1A7A6H 1A7F1H 0004CH UT_TON_TEXT            CODE
 1A7F2H 1A839H 00048H UT_UHRTK_TEXT          CODE
 1A83AH 1AE53H 0061AH VI_BASIS_TEXT          CODE
 1AE54H 1B689H 00836H WI_AKTIV_TEXT          CODE
 1B68AH 1BD65H 006DCH WI_BASIS_TEXT          CODE
 1BD66H 1BDB5H 00050H WI_CLS_TEXT            CODE
 1BDB6H 1BEF5H 00140H WI_CURS_TEXT           CODE
 1BEF6H 1BFC5H 000D0H WI_EINR_TEXT           CODE
 1BFC6H 1C2BFH 002FAH WI_ENTF_TEXT           CODE
 1C2C0H 1C307H 00048H WI_ISAKT_TEXT          CODE
 1C308H 1C9ABH 006A4H WI_PRNTF_TEXT          CODE
 1C9ACH 1CA97H 000ECH WI_PUTCH_TEXT          CODE
 1CA98H 1D1C9H 00732H WI_RS232_TEXT          CODE
 1D1CAH 1D32DH 00164H WI_SATT_TEXT           CODE
 1D32EH 1D391H 00064H WI_SCHAT_TEXT          CODE
 1D392H 1D3D9H 00048H WI_SCPOS_TEXT          CODE
 1D3DAH 1D459H 00080H WI_SCRDN_TEXT          CODE
 1D45AH 1D4D9H 00080H WI_SCRUP_TEXT          CODE
 1D4DAH 1D53FH 00066H WI_SCTYP_TEXT          CODE
 1D540H 1D7DBH 0029CH WI_STITL_TEXT          CODE
 1D7DCH 1DA87H 002ACH WI_VERST_TEXT          CODE
 1DA88H 1DAC3H 0003CH DB_ABORT_TEXT          CODE
 1DAC4H 1DC3DH 0017AH DB_BTRV_TEXT           CODE
 1DC3EH 1DD7DH 00140H DB_CLOSE_TEXT          CODE
 1DD7EH 1DF0DH 00190H DB_DEL_TEXT            CODE
 1DF0EH 1E049H 0013CH DB_EQ_TEXT             CODE
 1E04AH 1E281H 00238H DB_GE_TEXT             CODE
 1E282H 1E48BH 0020AH DB_INS_TEXT            CODE
 1E48CH 1E661H 001D6H DB_LE_TEXT             CODE
 1E662H 1E937H 002D6H DB_NEXT_TEXT           CODE
 1E938H 1EAC3H 0018CH DB_PREV_TEXT           CODE
 1EAC4H 1EAF5H 00032H DB_RESET_TEXT          CODE
 1EAF6H 1EB61H 0006CH DB_SORT_TEXT           CODE
 1EB62H 1EBF3H 00092H DB_TRANA_TEXT          CODE
 1EBF4H 1ED0DH 0011AH DB_TRANB_TEXT          CODE
 1ED0EH 1EDF3H 000E6H DB_TRANE_TEXT          CODE
 1EDF4H 1EFEDH 001FAH DB_UNLOC_TEXT          CODE
 1EFEEH 1F271H 00284H DB_UPD_TEXT            CODE
 1F272H 1F2C1H 00050H DB_VERS_TEXT           CODE
 1F2C2H 1F4DDH 0021CH D_CALLOC_TEXT          CODE
 1F4DEH 1F60DH 00130H D_DATE_TEXT            CODE
 1F60EH 1F671H 00064H D_PROC_TEXT            CODE
 1F672H 1FAF9H 00488H D_SHMEM_TEXT           CODE
 1FAFAH 1FBEDH 000F4H D_WRITE_TEXT           CODE
 1FBEEH 1FC1BH 0002EH S_ABRT_TEXT            CODE
 1FC1CH 1FC85H 0006AH S_FPE_TEXT             CODE
 1FC86H 1FCB3H 0002EH S_ILL_TEXT             CODE
 1FCB4H 1FCE7H 00034H S_INT_TEXT             CODE
 1FCE8H 1FD15H 0002EH S_SEGV_TEXT            CODE
 1FD16H 213D1H 016BCH S_STRING_TEXT          CODE
 213D2H 213FFH 0002EH S_TERM_TEXT            CODE
 21400H 2761FH 06220H _TEXT                  CODE
 27620H 29D0FH 026F0H EMULATOR_TEXT          CODE
 29D10H 29D63H 00054H IN_DEMO_TEXT           CODE
 29D70H 29D70H 00000H OVERLAY_AREA           CODE
 2CA90H 2CA90H 00000H OVERLAY_END            CODE
 2CA90H 2CA90H 00000H C_ETEXT                ENDCODE
 2CA90H 2F291H 02802H ST11007_DATA           FAR_DATA
 2F2A0H 30AFFH 01860H MA_MATCH7_DATA         FAR_DATA
 30B00H 312CFH 007D0H MA_MEMO7_DATA          FAR_DATA
 312D0H 31A9FH 007D0H MA_HILFE7_DATA         FAR_DATA
 31AA0H 31B8EH 000EFH DL_LADEN7_DATA         FAR_DATA
 31B90H 31EAFH 00320H DL_ERROR7_DATA         FAR_DATA
 31EB0H 3243FH 00590H DL_OPTIO7_DATA         FAR_DATA
 32440H 325B7H 00178H E_GLOBAL7_DATA         FAR_DATA
 325C0H 326C1H 00102H IN_LIESZ7_DATA         FAR_DATA
 326D0H 329EFH 00320H MN_INIT7_DATA          FAR_DATA
 329F0H 32BEFH 00200H WI_PRNTF7_DATA         FAR_DATA
 32BF0H 32D5FH 00170H EMULATOR_DATA          FAR_DATA
 32D60H 32DA1H 00042H NULL                   BEGDATA
 32DA2H 3ECF9H 0BF58H _DATA                  DATA
 3ECFAH 3ECFBH 00002H XIQC                   DATA
 3ECFCH 3ED07H 0000CH DBDATA                 DATA
 3ED08H 3ED15H 0000EH CDATA                  DATA
 3ED16H 3ED16H 00000H XIFB                   DATA
 3ED16H 3ED16H 00000H XIF                    DATA
 3ED16H 3ED16H 00000H XIFE                   DATA
 3ED16H 3ED16H 00000H XIB                    DATA
 3ED16H 3ED19H 00004H XI                     DATA
 3ED1AH 3ED1AH 00000H XIE                    DATA
 3ED1AH 3ED1AH 00000H XPB                    DATA
 3ED1AH 3ED1DH 00004H XP                     DATA
 3ED1EH 3ED1EH 00000H XPE                    DATA
 3ED1EH 3ED1EH 00000H XCB                    DATA
 3ED1EH 3ED1EH 00000H XC                     DATA
 3ED1EH 3ED1EH 00000H XCE                    DATA
 3ED1EH 3ED1EH 00000H XCFB                   DATA
 3ED1EH 3ED1EH 00000H XCFCRT                 DATA
 3ED1EH 3ED21H 00004H XCF                    DATA
 3ED22H 3ED22H 00000H XCFE                   DATA
 3ED22H 3ED22H 00000H XIFCB                  DATA
 3ED22H 3ED22H 00000H XIFU                   DATA
 3ED22H 3ED22H 00000H XIFL                   DATA
 3ED22H 3ED22H 00000H XIFM                   DATA
 3ED22H 3ED22H 00000H XIFCE                  DATA
 3ED22H 3ED25H 00004H EXEC                   DATA
 3ED30H 3ED97H 00068H OVERLAY_DATA           DATA
 3ED98H 3EE7DH 000E6H CONST                  CONST
 3EE7EH 3EE85H 00008H HDR                    MSG
 3EE86H 3F032H 001ADH MSG                    MSG
 3F033H 3F034H 00002H PAD                    MSG
 3F035H 3F035H 00001H EPAD                   MSG
 3F036H 403F9H 013C4H _BSS                   BSS
 403FAH 403FAH 00000H XOB                    BSS
 403FAH 40479H 00080H XO                     BSS
 4047AH 4047AH 00000H XOE                    BSS
 4047AH 4047AH 00000H XOFB                   BSS
 4047AH 4047AH 00000H XOF                    BSS
 4047AH 4047AH 00000H XOFE                   BSS
 40480H 40487H 00008H c_common               BSS
 40490H 423CFH 01F40H STACK                  STACK
 Overlay 1H
 29D70H 2A959H 00BEAH ST_1100_TEXT           CODE
 Overlay 2H
 29D70H 2ACA5H 00F36H BA_INIT_TEXT           CODE
 Overlay 3H
 29D70H 2B389H 0161AH ST1100A_TEXT           CODE
 Overlay 4H
 29D70H 2CA87H 02D18H MA_MATCH_TEXT          CODE
 Overlay 5H
 29D70H 2BCC1H 01F52H MA_MEMO_TEXT           CODE
 Overlay 6H
 29D70H 2B171H 01402H MA_HILFE_TEXT          CODE
 Overlay 7H
 29D70H 2BC27H 01EB8H MA_INDEX_TEXT          CODE
 Overlay 8H
 29D70H 2A439H 006CAH MA_MKSEL_TEXT          CODE
 Overlay 9H
 29D70H 2B0B3H 01344H DB_OPEN_TEXT           CODE
 Overlay AH
 29D70H 2B101H 01392H DL_LADEN_TEXT          CODE
 Overlay BH
 29D70H 2A8B3H 00B44H DL_HTOOL_TEXT          CODE

 Origin   Group
 32D6:0   DGROUP
