Stack Allocation = 8000 bytes

 Start  Stop   Length Name                   Class
 Resident
 00000H 041ABH 041ACH ST4100_TEXT            CODE
 041ACH 05ABBH 01910H BA_ISAM_TEXT           CODE
 05ABCH 06603H 00B48H BA_PRN1_TEXT           CODE
 06604H 06E5DH 0085AH BA_PRN2_TEXT           CODE
 06E5EH 09009H 021ACH FO_PRN_TEXT            CODE
 0900AH 09AE5H 00ADCH DL_ERROR_TEXT          CODE
 09AE6H 09CA5H 001C0H DL_INFO_TEXT           CODE
 09CA6H 0A161H 004BCH DL_MAUS_TEXT           CODE
 0A162H 0A2C3H 00162H DL_NACHR_TEXT          CODE
 0A2C4H 0ACBFH 009FCH DL_OPTIO_TEXT          CODE
 0ACC0H 0AE6FH 001B0H DL_SHELL_TEXT          CODE
 0AE70H 0B1C7H 00358H DL_SPEIC_TEXT          CODE
 0B1C8H 0B951H 0078AH DL_WARN_TEXT           CODE
 0B952H 0B97DH 0002CH IN_BEEP_TEXT           CODE
 0B97EH 0BEEDH 00570H IN_DIAL_TEXT           CODE
 0BEEEH 0C0E7H 001FAH IN_INITV_TEXT          CODE
 0C0E8H 0CECFH 00DE8H IN_LIESZ_TEXT          CODE
 0CED0H 0D63DH 0076EH IN_MAUS_TEXT           CODE
 0D63EH 0E2D9H 00C9CH IN_MENUE_TEXT          CODE
 0E2DAH 0E6ABH 003D2H MN_AKTIV_TEXT          CODE
 0E6ACH 0E705H 0005AH MN_DEAKT_TEXT          CODE
 0E706H 0EFADH 008A8H MN_EINGA_TEXT          CODE
 0EFAEH 0F7CDH 00820H MN_EINR_TEXT           CODE
 0F7CEH 0F92BH 0015EH MN_ENTF_TEXT           CODE
 0F92CH 0F991H 00066H MN_INIT_TEXT           CODE
 0F992H 0FAFBH 0016AH MN_MARK_TEXT           CODE
 0FAFCH 0FC35H 0013AH MN_SPALE_TEXT          CODE
 0FC36H 0FD09H 000D4H MN_SRTYP_TEXT          CODE
 0FD0AH 0FD53H 0004AH MN_SSCHA_TEXT          CODE
 0FD54H 1031DH 005CAH MS_BASIS_TEXT          CODE
 1031EH 10B71H 00854H M_BASIS_TEXT           CODE
 10B72H 11775H 00C04H M_BOTORE_TEXT          CODE
 11776H 1181FH 000AAH M_CHOICE_TEXT          CODE
 11820H 12109H 008EAH M_CLOSE_TEXT           CODE
 1210AH 126EFH 005E6H M_COUNT_TEXT           CODE
 126F0H 12A63H 00374H M_DEFAUL_TEXT          CODE
 12A64H 13791H 00D2EH M_FORMAT_TEXT          CODE
 13792H 1470DH 00F7CH M_INIT_TEXT            CODE
 1470EH 1648DH 01D80H M_INIT2_TEXT           CODE
 1648EH 18185H 01CF8H M_INPUT_TEXT           CODE
 18186H 19893H 0170EH M_KEYCOD_TEXT          CODE
 19894H 19D63H 004D0H M_MKCHO_TEXT           CODE
 19D64H 19E0DH 000AAH M_OKQUES_TEXT          CODE
 19E0EH 1ABAFH 00DA2H M_RETOBO_TEXT          CODE
 1ABB0H 1AC4DH 0009EH M_SCRDN_TEXT           CODE
 1AC4EH 1ACEFH 000A2H M_SCRUP_TEXT           CODE
 1ACF0H 1AF9DH 002AEH M_SELECT_TEXT          CODE
 1AF9EH 1AFB7H 0001AH UT_ALTCD_TEXT          CODE
 1AFB8H 1B21FH 00268H UT_ARRAY_TEXT          CODE
 1B220H 1B2D5H 000B6H UT_CLRAN_TEXT          CODE
 1B2D6H 1B4D3H 001FEH UT_DNGUE_TEXT          CODE
 1B4D4H 1B511H 0003EH UT_DRIVE_TEXT          CODE
 1B512H 1B64DH 0013CH UT_EVEHI_TEXT          CODE
 1B64EH 1B7B7H 0016AH UT_EVENT_TEXT          CODE
 1B7B8H 1B7EDH 00036H UT_GROSS_TEXT          CODE
 1B7EEH 1B80BH 0001EH UT_KBFLG_TEXT          CODE
 1B80CH 1B83FH 00034H UT_KLEIN_TEXT          CODE
 1B840H 1B979H 0013AH UT_LINIE_TEXT          CODE
 1B97AH 1B9F7H 0007EH UT_PAUSE_TEXT          CODE
 1B9F8H 1BAF9H 00102H UT_RAHME_TEXT          CODE
 1BAFAH 1BC31H 00138H UT_SCHAT_TEXT          CODE
 1BC32H 1BD75H 00144H UT_SHELL_TEXT          CODE
 1BD76H 1BDCDH 00058H UT_STRLW_TEXT          CODE
 1BDCEH 1BE27H 0005AH UT_STRUP_TEXT          CODE
 1BE28H 1BE87H 00060H UT_TASTE_TEXT          CODE
 1BE88H 1BED3H 0004CH UT_TON_TEXT            CODE
 1BED4H 1BF1BH 00048H UT_UHRTK_TEXT          CODE
 1BF1CH 1C535H 0061AH VI_BASIS_TEXT          CODE
 1C536H 1CD6BH 00836H WI_AKTIV_TEXT          CODE
 1CD6CH 1D447H 006DCH WI_BASIS_TEXT          CODE
 1D448H 1D497H 00050H WI_CLS_TEXT            CODE
 1D498H 1D5D7H 00140H WI_CURS_TEXT           CODE
 1D5D8H 1D6A7H 000D0H WI_EINR_TEXT           CODE
 1D6A8H 1D9A1H 002FAH WI_ENTF_TEXT           CODE
 1D9A2H 1D9E9H 00048H WI_ISAKT_TEXT          CODE
 1D9EAH 1E08DH 006A4H WI_PRNTF_TEXT          CODE
 1E08EH 1E179H 000ECH WI_PUTCH_TEXT          CODE
 1E17AH 1E2DDH 00164H WI_SATT_TEXT           CODE
 1E2DEH 1E341H 00064H WI_SCHAT_TEXT          CODE
 1E342H 1E389H 00048H WI_SCPOS_TEXT          CODE
 1E38AH 1E409H 00080H WI_SCRDN_TEXT          CODE
 1E40AH 1E489H 00080H WI_SCRUP_TEXT          CODE
 1E48AH 1E4EFH 00066H WI_SCTYP_TEXT          CODE
 1E4F0H 1E78BH 0029CH WI_STITL_TEXT          CODE
 1E78CH 1EA37H 002ACH WI_VERST_TEXT          CODE
 1EA38H 1EA38H 00000H E_GLOBAL_TEXT          CODE
 1EA38H 1EA73H 0003CH DB_ABORT_TEXT          CODE
 1EA74H 1EBEDH 0017AH DB_BTRV_TEXT           CODE
 1EBEEH 1ED2DH 00140H DB_CLOSE_TEXT          CODE
 1ED2EH 1EEBDH 00190H DB_DEL_TEXT            CODE
 1EEBEH 1EFF9H 0013CH DB_EQ_TEXT             CODE
 1EFFAH 1F183H 0018AH DB_FIRST_TEXT          CODE
 1F184H 1F3BBH 00238H DB_GE_TEXT             CODE
 1F3BCH 1F5C5H 0020AH DB_INS_TEXT            CODE
 1F5C6H 1F79BH 001D6H DB_LE_TEXT             CODE
 1F79CH 1FA71H 002D6H DB_NEXT_TEXT           CODE
 1FA72H 1FBFDH 0018CH DB_PREV_TEXT           CODE
 1FBFEH 1FC2FH 00032H DB_RESET_TEXT          CODE
 1FC30H 1FC9BH 0006CH DB_SORT_TEXT           CODE
 1FC9CH 1FD2DH 00092H DB_TRANA_TEXT          CODE
 1FD2EH 1FE47H 0011AH DB_TRANB_TEXT          CODE
 1FE48H 1FF2DH 000E6H DB_TRANE_TEXT          CODE
 1FF2EH 20127H 001FAH DB_UNLOC_TEXT          CODE
 20128H 203ABH 00284H DB_UPD_TEXT            CODE
 203ACH 203FBH 00050H DB_VERS_TEXT           CODE
 203FCH 20617H 0021CH D_CALLOC_TEXT          CODE
 20618H 20747H 00130H D_DATE_TEXT            CODE
 20748H 207ABH 00064H D_PROC_TEXT            CODE
 207ACH 20C33H 00488H D_SHMEM_TEXT           CODE
 20C34H 20C61H 0002EH S_ABRT_TEXT            CODE
 20C62H 20CCBH 0006AH S_FPE_TEXT             CODE
 20CCCH 20CF9H 0002EH S_ILL_TEXT             CODE
 20CFAH 20D2DH 00034H S_INT_TEXT             CODE
 20D2EH 20D5BH 0002EH S_SEGV_TEXT            CODE
 20D5CH 22417H 016BCH S_STRING_TEXT          CODE
 22418H 22445H 0002EH S_TERM_TEXT            CODE
 22446H 28DDDH 06998H _TEXT                  CODE
 28DE0H 2B4CFH 026F0H EMULATOR_TEXT          CODE
 2B4D0H 2B523H 00054H IN_DEMO_TEXT           CODE
 2B530H 2B530H 00000H OVERLAY_AREA           CODE
 2E250H 2E250H 00000H OVERLAY_END            CODE
 2E250H 2E250H 00000H C_ETEXT                ENDCODE
 2E250H 30F51H 02D02H ST41007_DATA           FAR_DATA
 30F60H 3366FH 02710H FO_PRN7_DATA           FAR_DATA
 33670H 33C19H 005AAH ST4100A7_DATA          FAR_DATA
 33C20H 3547FH 01860H MA_MATCH7_DATA         FAR_DATA
 35480H 35C4FH 007D0H MA_HILFE7_DATA         FAR_DATA
 35C50H 35D3EH 000EFH DL_LADEN7_DATA         FAR_DATA
 35D40H 3605FH 00320H DL_ERROR7_DATA         FAR_DATA
 36060H 365EFH 00590H DL_OPTIO7_DATA         FAR_DATA
 365F0H 366F1H 00102H IN_LIESZ7_DATA         FAR_DATA
 36700H 36A1FH 00320H MN_INIT7_DATA          FAR_DATA
 36A20H 36C1FH 00200H WI_PRNTF7_DATA         FAR_DATA
 36C20H 36D97H 00178H E_GLOBAL7_DATA         FAR_DATA
 36DA0H 36F0FH 00170H EMULATOR_DATA          FAR_DATA
 36F10H 36F51H 00042H NULL                   BEGDATA
 36F52H 41AA9H 0AB58H _DATA                  DATA
 41AAAH 41AABH 00002H XIQC                   DATA
 41AACH 41AB7H 0000CH DBDATA                 DATA
 41AB8H 41AC5H 0000EH CDATA                  DATA
 41AC6H 41AC6H 00000H XIFB                   DATA
 41AC6H 41AC6H 00000H XIF                    DATA
 41AC6H 41AC6H 00000H XIFE                   DATA
 41AC6H 41AC6H 00000H XIB                    DATA
 41AC6H 41AC9H 00004H XI                     DATA
 41ACAH 41ACAH 00000H XIE                    DATA
 41ACAH 41ACAH 00000H XPB                    DATA
 41ACAH 41ACDH 00004H XP                     DATA
 41ACEH 41ACEH 00000H XPE                    DATA
 41ACEH 41ACEH 00000H XCB                    DATA
 41ACEH 41ACEH 00000H XC                     DATA
 41ACEH 41ACEH 00000H XCE                    DATA
 41ACEH 41ACEH 00000H XCFB                   DATA
 41ACEH 41ACEH 00000H XCFCRT                 DATA
 41ACEH 41AD1H 00004H XCF                    DATA
 41AD2H 41AD2H 00000H XCFE                   DATA
 41AD2H 41AD2H 00000H XIFCB                  DATA
 41AD2H 41AD2H 00000H XIFU                   DATA
 41AD2H 41AD2H 00000H XIFL                   DATA
 41AD2H 41AD2H 00000H XIFM                   DATA
 41AD2H 41AD2H 00000H XIFCE                  DATA
 41AD2H 41AD5H 00004H EXEC                   DATA
 41AE0H 41B39H 0005AH OVERLAY_DATA           DATA
 41B3AH 41BE3H 000AAH CONST                  CONST
 41BE4H 41BEBH 00008H HDR                    MSG
 41BECH 41E42H 00257H MSG                    MSG
 41E43H 41E44H 00002H PAD                    MSG
 41E45H 41E45H 00001H EPAD                   MSG
 41E46H 43503H 016BEH _BSS                   BSS
 43504H 43504H 00000H XOB                    BSS
 43504H 43583H 00080H XO                     BSS
 43584H 43584H 00000H XOE                    BSS
 43584H 43584H 00000H XOFB                   BSS
 43584H 43584H 00000H XOF                    BSS
 43584H 43584H 00000H XOFE                   BSS
 43590H 43597H 00008H c_common               BSS
 435A0H 454DFH 01F40H STACK                  STACK
 Overlay 1H
 2B530H 2C49BH 00F6CH ST_4100_TEXT           CODE
 Overlay 2H
 2B530H 2D71FH 021F0H BA_SAA_TEXT            CODE
 Overlay 3H
 2B530H 2C465H 00F36H BA_INIT_TEXT           CODE
 Overlay 4H
 2B530H 2D533H 02004H ST4100A_TEXT           CODE
 Overlay 5H
 2B530H 2E247H 02D18H MA_MATCH_TEXT          CODE
 Overlay 6H
 2B530H 2C931H 01402H MA_HILFE_TEXT          CODE
 Overlay 7H
 2B530H 2BBF9H 006CAH MA_MKSEL_TEXT          CODE
 Overlay 8H
 2B530H 2C873H 01344H DB_OPEN_TEXT           CODE
 Overlay 9H
 2B530H 2C8C1H 01392H DL_LADEN_TEXT          CODE

 Origin   Group
 36F1:0   DGROUP
