Stack Allocation = 8000 bytes

 Start  Stop   Length Name                   Class
 Resident
 00000H 01D77H 01D78H SY1100_TEXT            CODE
 01D78H 03687H 01910H BA_ISAM_TEXT           CODE
 03688H 05877H 021F0H BA_SAA_TEXT            CODE
 05878H 06353H 00ADCH DL_ERROR_TEXT          CODE
 06354H 06513H 001C0H DL_INFO_TEXT           CODE
 06514H 069CFH 004BCH DL_MAUS_TEXT           CODE
 069D0H 06B31H 00162H DL_NACHR_TEXT          CODE
 06B32H 0752DH 009FCH DL_OPTIO_TEXT          CODE
 0752EH 076DDH 001B0H DL_SHELL_TEXT          CODE
 076DEH 07E67H 0078AH DL_WARN_TEXT           CODE
 07E68H 07E93H 0002CH IN_BEEP_TEXT           CODE
 07E94H 08403H 00570H IN_DIAL_TEXT           CODE
 08404H 085FDH 001FAH IN_INITV_TEXT          CODE
 085FEH 093E5H 00DE8H IN_LIESZ_TEXT          CODE
 093E6H 09B53H 0076EH IN_MAUS_TEXT           CODE
 09B54H 0A7EFH 00C9CH IN_MENUE_TEXT          CODE
 0A7F0H 0ABC1H 003D2H MN_AKTIV_TEXT          CODE
 0ABC2H 0AC1BH 0005AH MN_DEAKT_TEXT          CODE
 0AC1CH 0B4C3H 008A8H MN_EINGA_TEXT          CODE
 0B4C4H 0BCE3H 00820H MN_EINR_TEXT           CODE
 0BCE4H 0BE41H 0015EH MN_ENTF_TEXT           CODE
 0BE42H 0BEA7H 00066H MN_INIT_TEXT           CODE
 0BEA8H 0C011H 0016AH MN_MARK_TEXT           CODE
 0C012H 0C14BH 0013AH MN_SPALE_TEXT          CODE
 0C14CH 0C21FH 000D4H MN_SRTYP_TEXT          CODE
 0C220H 0C269H 0004AH MN_SSCHA_TEXT          CODE
 0C26AH 0C833H 005CAH MS_BASIS_TEXT          CODE
 0C834H 0D437H 00C04H M_BOTORE_TEXT          CODE
 0D438H 0D4E1H 000AAH M_CHOICE_TEXT          CODE
 0D4E2H 0DDCBH 008EAH M_CLOSE_TEXT           CODE
 0DDCCH 0E3B1H 005E6H M_COUNT_TEXT           CODE
 0E3B2H 0E725H 00374H M_DEFAUL_TEXT          CODE
 0E726H 0F453H 00D2EH M_FORMAT_TEXT          CODE
 0F454H 103CFH 00F7CH M_INIT_TEXT            CODE
 103D0H 1214FH 01D80H M_INIT2_TEXT           CODE
 12150H 13E47H 01CF8H M_INPUT_TEXT           CODE
 13E48H 15555H 0170EH M_KEYCOD_TEXT          CODE
 15556H 15A25H 004D0H M_MKCHO_TEXT           CODE
 15A26H 15ACFH 000AAH M_OKQUES_TEXT          CODE
 15AD0H 16871H 00DA2H M_RETOBO_TEXT          CODE
 16872H 1690FH 0009EH M_SCRDN_TEXT           CODE
 16910H 169B1H 000A2H M_SCRUP_TEXT           CODE
 169B2H 16C5FH 002AEH M_SELECT_TEXT          CODE
 16C60H 16C79H 0001AH UT_ALTCD_TEXT          CODE
 16C7AH 16EE1H 00268H UT_ARRAY_TEXT          CODE
 16EE2H 16F97H 000B6H UT_CLRAN_TEXT          CODE
 16F98H 16FD5H 0003EH UT_DRIVE_TEXT          CODE
 16FD6H 17111H 0013CH UT_EVEHI_TEXT          CODE
 17112H 1727BH 0016AH UT_EVENT_TEXT          CODE
 1727CH 172B1H 00036H UT_GROSS_TEXT          CODE
 172B2H 172CFH 0001EH UT_KBFLG_TEXT          CODE
 172D0H 17303H 00034H UT_KLEIN_TEXT          CODE
 17304H 1743DH 0013AH UT_LINIE_TEXT          CODE
 1743EH 174BBH 0007EH UT_PAUSE_TEXT          CODE
 174BCH 175BDH 00102H UT_RAHME_TEXT          CODE
 175BEH 176F5H 00138H UT_SCHAT_TEXT          CODE
 176F6H 17839H 00144H UT_SHELL_TEXT          CODE
 1783AH 17891H 00058H UT_STRLW_TEXT          CODE
 17892H 178EBH 0005AH UT_STRUP_TEXT          CODE
 178ECH 1794BH 00060H UT_TASTE_TEXT          CODE
 1794CH 17997H 0004CH UT_TON_TEXT            CODE
 17998H 179DFH 00048H UT_UHRTK_TEXT          CODE
 179E0H 17FF9H 0061AH VI_BASIS_TEXT          CODE
 17FFAH 1882FH 00836H WI_AKTIV_TEXT          CODE
 18830H 18F0BH 006DCH WI_BASIS_TEXT          CODE
 18F0CH 18F5BH 00050H WI_CLS_TEXT            CODE
 18F5CH 1909BH 00140H WI_CURS_TEXT           CODE
 1909CH 1916BH 000D0H WI_EINR_TEXT           CODE
 1916CH 19465H 002FAH WI_ENTF_TEXT           CODE
 19466H 194ADH 00048H WI_ISAKT_TEXT          CODE
 194AEH 19B51H 006A4H WI_PRNTF_TEXT          CODE
 19B52H 19C3DH 000ECH WI_PUTCH_TEXT          CODE
 19C3EH 19DA1H 00164H WI_SATT_TEXT           CODE
 19DA2H 19E05H 00064H WI_SCHAT_TEXT          CODE
 19E06H 19E4DH 00048H WI_SCPOS_TEXT          CODE
 19E4EH 19ECDH 00080H WI_SCRDN_TEXT          CODE
 19ECEH 19F4DH 00080H WI_SCRUP_TEXT          CODE
 19F4EH 19FB3H 00066H WI_SCTYP_TEXT          CODE
 19FB4H 1A24FH 0029CH WI_STITL_TEXT          CODE
 1A250H 1A4FBH 002ACH WI_VERST_TEXT          CODE
 1A4FCH 1A4FCH 00000H E_GLOBAL_TEXT          CODE
 1A4FCH 1AD65H 0086AH M_BASIS_TEXT           CODE
 1AD66H 1ADA1H 0003CH DB_ABORT_TEXT          CODE
 1ADA2H 1AF1BH 0017AH DB_BTRV_TEXT           CODE
 1AF1CH 1B05BH 00140H DB_CLOSE_TEXT          CODE
 1B05CH 1B1EBH 00190H DB_DEL_TEXT            CODE
 1B1ECH 1B327H 0013CH DB_EQ_TEXT             CODE
 1B328H 1B55FH 00238H DB_GE_TEXT             CODE
 1B560H 1B769H 0020AH DB_INS_TEXT            CODE
 1B76AH 1B93FH 001D6H DB_LE_TEXT             CODE
 1B940H 1BC15H 002D6H DB_NEXT_TEXT           CODE
 1BC16H 1BDA1H 0018CH DB_PREV_TEXT           CODE
 1BDA2H 1BDD3H 00032H DB_RESET_TEXT          CODE
 1BDD4H 1BE3FH 0006CH DB_SORT_TEXT           CODE
 1BE40H 1BED1H 00092H DB_TRANA_TEXT          CODE
 1BED2H 1BFEBH 0011AH DB_TRANB_TEXT          CODE
 1BFECH 1C0D1H 000E6H DB_TRANE_TEXT          CODE
 1C0D2H 1C2CBH 001FAH DB_UNLOC_TEXT          CODE
 1C2CCH 1C54FH 00284H DB_UPD_TEXT            CODE
 1C550H 1C59FH 00050H DB_VERS_TEXT           CODE
 1C5A0H 1C7BBH 0021CH D_CALLOC_TEXT          CODE
 1C7BCH 1C8EBH 00130H D_DATE_TEXT            CODE
 1C8ECH 1C94FH 00064H D_PROC_TEXT            CODE
 1C950H 1CDD7H 00488H D_SHMEM_TEXT           CODE
 1CDD8H 1CECBH 000F4H D_WRITE_TEXT           CODE
 1CECCH 1CEF9H 0002EH S_ABRT_TEXT            CODE
 1CEFAH 1CF63H 0006AH S_FPE_TEXT             CODE
 1CF64H 1CF91H 0002EH S_ILL_TEXT             CODE
 1CF92H 1CFC5H 00034H S_INT_TEXT             CODE
 1CFC6H 1CFF3H 0002EH S_SEGV_TEXT            CODE
 1CFF4H 1D11DH 0012AH S_STOI_TEXT            CODE
 1D11EH 1E7D9H 016BCH S_STRING_TEXT          CODE
 1E7DAH 1E807H 0002EH S_TERM_TEXT            CODE
 1E808H 24A27H 06220H _TEXT                  CODE
 24A30H 2711FH 026F0H EMULATOR_TEXT          CODE
 27120H 27173H 00054H IN_DEMO_TEXT           CODE
 27180H 27180H 00000H OVERLAY_AREA           CODE
 29EA0H 29EA0H 00000H OVERLAY_END            CODE
 29EA0H 29EA0H 00000H C_ETEXT                ENDCODE
 29EA0H 2B700H 01861H SY11007_DATA           FAR_DATA
 2B710H 2CF6FH 01860H MA_MATCH7_DATA         FAR_DATA
 2CF70H 2D73FH 007D0H MA_MEMO7_DATA          FAR_DATA
 2D740H 2DF0FH 007D0H MA_HILFE7_DATA         FAR_DATA
 2DF10H 2DFFEH 000EFH DL_LADEN7_DATA         FAR_DATA
 2E000H 2E31FH 00320H DL_ERROR7_DATA         FAR_DATA
 2E320H 2E8AFH 00590H DL_OPTIO7_DATA         FAR_DATA
 2E8B0H 2E9B1H 00102H IN_LIESZ7_DATA         FAR_DATA
 2E9C0H 2ECDFH 00320H MN_INIT7_DATA          FAR_DATA
 2ECE0H 2EEDFH 00200H WI_PRNTF7_DATA         FAR_DATA
 2EEE0H 2F057H 00178H E_GLOBAL7_DATA         FAR_DATA
 2F060H 2F1CFH 00170H EMULATOR_DATA          FAR_DATA
 2F1D0H 2F211H 00042H NULL                   BEGDATA
 2F212H 3882BH 0961AH _DATA                  DATA
 3882CH 3882DH 00002H XIQC                   DATA
 3882EH 38839H 0000CH DBDATA                 DATA
 3883AH 38847H 0000EH CDATA                  DATA
 38848H 38848H 00000H XIFB                   DATA
 38848H 38848H 00000H XIF                    DATA
 38848H 38848H 00000H XIFE                   DATA
 38848H 38848H 00000H XIB                    DATA
 38848H 3884BH 00004H XI                     DATA
 3884CH 3884CH 00000H XIE                    DATA
 3884CH 3884CH 00000H XPB                    DATA
 3884CH 3884FH 00004H XP                     DATA
 38850H 38850H 00000H XPE                    DATA
 38850H 38850H 00000H XCB                    DATA
 38850H 38850H 00000H XC                     DATA
 38850H 38850H 00000H XCE                    DATA
 38850H 38850H 00000H XCFB                   DATA
 38850H 38850H 00000H XCFCRT                 DATA
 38850H 38853H 00004H XCF                    DATA
 38854H 38854H 00000H XCFE                   DATA
 38854H 38854H 00000H XIFCB                  DATA
 38854H 38854H 00000H XIFU                   DATA
 38854H 38854H 00000H XIFL                   DATA
 38854H 38854H 00000H XIFM                   DATA
 38854H 38854H 00000H XIFCE                  DATA
 38854H 38857H 00004H EXEC                   DATA
 38860H 388C0H 00061H OVERLAY_DATA           DATA
 388C2H 38955H 00094H CONST                  CONST
 38956H 3895DH 00008H HDR                    MSG
 3895EH 38B0AH 001ADH MSG                    MSG
 38B0BH 38B0CH 00002H PAD                    MSG
 38B0DH 38B0DH 00001H EPAD                   MSG
 38B0EH 39EE3H 013D6H _BSS                   BSS
 39EE4H 39EE4H 00000H XOB                    BSS
 39EE4H 39F63H 00080H XO                     BSS
 39F64H 39F64H 00000H XOE                    BSS
 39F64H 39F64H 00000H XOFB                   BSS
 39F64H 39F64H 00000H XOF                    BSS
 39F64H 39F64H 00000H XOFE                   BSS
 39F70H 39F77H 00008H c_common               BSS
 39F80H 3BEBFH 01F40H STACK                  STACK
 Overlay 1H
 27180H 275EBH 0046CH SY_1100_TEXT           CODE
 Overlay 2H
 27180H 280B5H 00F36H BA_INIT_TEXT           CODE
 Overlay 3H
 27180H 29E97H 02D18H MA_MATCH_TEXT          CODE
 Overlay 4H
 27180H 290D1H 01F52H MA_MEMO_TEXT           CODE
 Overlay 5H
 27180H 28581H 01402H MA_HILFE_TEXT          CODE
 Overlay 6H
 27180H 29037H 01EB8H MA_INDEX_TEXT          CODE
 Overlay 7H
 27180H 27849H 006CAH MA_MKSEL_TEXT          CODE
 Overlay 8H
 27180H 284C3H 01344H DB_OPEN_TEXT           CODE
 Overlay 9H
 27180H 28511H 01392H DL_LADEN_TEXT          CODE
 Overlay AH
 27180H 27CC3H 00B44H DL_HTOOL_TEXT          CODE

 Origin   Group
 2F1D:0   DGROUP
