Stack Allocation = 8000 bytes

 Start  Stop   Length Name                   Class
 Resident
 00000H 0490FH 04910H FI1100_TEXT            CODE
 04910H 04C43H 00334H FIBASIS_TEXT           CODE
 04C44H 06553H 01910H BA_ISAM_TEXT           CODE
 06554H 08743H 021F0H BA_SAA_TEXT            CODE
 08744H 0921FH 00ADCH DL_ERROR_TEXT          CODE
 09220H 093DFH 001C0H DL_INFO_TEXT           CODE
 093E0H 0989BH 004BCH DL_MAUS_TEXT           CODE
 0989CH 099FDH 00162H DL_NACHR_TEXT          CODE
 099FEH 0A3F9H 009FCH DL_OPTIO_TEXT          CODE
 0A3FAH 0A5A9H 001B0H DL_SHELL_TEXT          CODE
 0A5AAH 0AD33H 0078AH DL_WARN_TEXT           CODE
 0AD34H 0AD34H 00000H E_GLOBAL_TEXT          CODE
 0AD34H 0AD5FH 0002CH IN_BEEP_TEXT           CODE
 0AD60H 0B2CFH 00570H IN_DIAL_TEXT           CODE
 0B2D0H 0B4C9H 001FAH IN_INITV_TEXT          CODE
 0B4CAH 0C2B1H 00DE8H IN_LIESZ_TEXT          CODE
 0C2B2H 0CA1FH 0076EH IN_MAUS_TEXT           CODE
 0CA20H 0D6BBH 00C9CH IN_MENUE_TEXT          CODE
 0D6BCH 0DA8DH 003D2H MN_AKTIV_TEXT          CODE
 0DA8EH 0DAE7H 0005AH MN_DEAKT_TEXT          CODE
 0DAE8H 0E38FH 008A8H MN_EINGA_TEXT          CODE
 0E390H 0EBAFH 00820H MN_EINR_TEXT           CODE
 0EBB0H 0ED0DH 0015EH MN_ENTF_TEXT           CODE
 0ED0EH 0ED73H 00066H MN_INIT_TEXT           CODE
 0ED74H 0EEDDH 0016AH MN_MARK_TEXT           CODE
 0EEDEH 0F017H 0013AH MN_SPALE_TEXT          CODE
 0F018H 0F0EBH 000D4H MN_SRTYP_TEXT          CODE
 0F0ECH 0F135H 0004AH MN_SSCHA_TEXT          CODE
 0F136H 0F6FFH 005CAH MS_BASIS_TEXT          CODE
 0F700H 0FF53H 00854H M_BASIS_TEXT           CODE
 0FF54H 10B57H 00C04H M_BOTORE_TEXT          CODE
 10B58H 10C01H 000AAH M_CHOICE_TEXT          CODE
 10C02H 114EBH 008EAH M_CLOSE_TEXT           CODE
 114ECH 11AD1H 005E6H M_COUNT_TEXT           CODE
 11AD2H 11E45H 00374H M_DEFAUL_TEXT          CODE
 11E46H 12B73H 00D2EH M_FORMAT_TEXT          CODE
 12B74H 13AEFH 00F7CH M_INIT_TEXT            CODE
 13AF0H 1586FH 01D80H M_INIT2_TEXT           CODE
 15870H 17567H 01CF8H M_INPUT_TEXT           CODE
 17568H 18C75H 0170EH M_KEYCOD_TEXT          CODE
 18C76H 19145H 004D0H M_MKCHO_TEXT           CODE
 19146H 191EFH 000AAH M_OKQUES_TEXT          CODE
 191F0H 19F91H 00DA2H M_RETOBO_TEXT          CODE
 19F92H 1A02FH 0009EH M_SCRDN_TEXT           CODE
 1A030H 1A0D1H 000A2H M_SCRUP_TEXT           CODE
 1A0D2H 1A37FH 002AEH M_SELECT_TEXT          CODE
 1A380H 1A399H 0001AH UT_ALTCD_TEXT          CODE
 1A39AH 1A601H 00268H UT_ARRAY_TEXT          CODE
 1A602H 1A6B7H 000B6H UT_CLRAN_TEXT          CODE
 1A6B8H 1A6F5H 0003EH UT_DRIVE_TEXT          CODE
 1A6F6H 1A831H 0013CH UT_EVEHI_TEXT          CODE
 1A832H 1A99BH 0016AH UT_EVENT_TEXT          CODE
 1A99CH 1A9D1H 00036H UT_GROSS_TEXT          CODE
 1A9D2H 1A9EFH 0001EH UT_KBFLG_TEXT          CODE
 1A9F0H 1AA23H 00034H UT_KLEIN_TEXT          CODE
 1AA24H 1AB5DH 0013AH UT_LINIE_TEXT          CODE
 1AB5EH 1ABDBH 0007EH UT_PAUSE_TEXT          CODE
 1ABDCH 1ACDDH 00102H UT_RAHME_TEXT          CODE
 1ACDEH 1AE15H 00138H UT_SCHAT_TEXT          CODE
 1AE16H 1AF59H 00144H UT_SHELL_TEXT          CODE
 1AF5AH 1AFB1H 00058H UT_STRLW_TEXT          CODE
 1AFB2H 1B00BH 0005AH UT_STRUP_TEXT          CODE
 1B00CH 1B06BH 00060H UT_TASTE_TEXT          CODE
 1B06CH 1B0B7H 0004CH UT_TON_TEXT            CODE
 1B0B8H 1B0FFH 00048H UT_UHRTK_TEXT          CODE
 1B100H 1B719H 0061AH VI_BASIS_TEXT          CODE
 1B71AH 1BF4FH 00836H WI_AKTIV_TEXT          CODE
 1BF50H 1C62BH 006DCH WI_BASIS_TEXT          CODE
 1C62CH 1C67BH 00050H WI_CLS_TEXT            CODE
 1C67CH 1C7BBH 00140H WI_CURS_TEXT           CODE
 1C7BCH 1C88BH 000D0H WI_EINR_TEXT           CODE
 1C88CH 1CB85H 002FAH WI_ENTF_TEXT           CODE
 1CB86H 1CBCDH 00048H WI_ISAKT_TEXT          CODE
 1CBCEH 1D271H 006A4H WI_PRNTF_TEXT          CODE
 1D272H 1D35DH 000ECH WI_PUTCH_TEXT          CODE
 1D35EH 1DA8FH 00732H WI_RS232_TEXT          CODE
 1DA90H 1DBF3H 00164H WI_SATT_TEXT           CODE
 1DBF4H 1DC57H 00064H WI_SCHAT_TEXT          CODE
 1DC58H 1DC9FH 00048H WI_SCPOS_TEXT          CODE
 1DCA0H 1DD1FH 00080H WI_SCRDN_TEXT          CODE
 1DD20H 1DD9FH 00080H WI_SCRUP_TEXT          CODE
 1DDA0H 1DE05H 00066H WI_SCTYP_TEXT          CODE
 1DE06H 1E0A1H 0029CH WI_STITL_TEXT          CODE
 1E0A2H 1E34DH 002ACH WI_VERST_TEXT          CODE
 1E34EH 1E389H 0003CH DB_ABORT_TEXT          CODE
 1E38AH 1E503H 0017AH DB_BTRV_TEXT           CODE
 1E504H 1E643H 00140H DB_CLOSE_TEXT          CODE
 1E644H 1E7D3H 00190H DB_DEL_TEXT            CODE
 1E7D4H 1E90FH 0013CH DB_EQ_TEXT             CODE
 1E910H 1EB47H 00238H DB_GE_TEXT             CODE
 1EB48H 1ED51H 0020AH DB_INS_TEXT            CODE
 1ED52H 1EF27H 001D6H DB_LE_TEXT             CODE
 1EF28H 1F1FDH 002D6H DB_NEXT_TEXT           CODE
 1F1FEH 1F389H 0018CH DB_PREV_TEXT           CODE
 1F38AH 1F3BBH 00032H DB_RESET_TEXT          CODE
 1F3BCH 1F427H 0006CH DB_SORT_TEXT           CODE
 1F428H 1F4B9H 00092H DB_TRANA_TEXT          CODE
 1F4BAH 1F5D3H 0011AH DB_TRANB_TEXT          CODE
 1F5D4H 1F6B9H 000E6H DB_TRANE_TEXT          CODE
 1F6BAH 1F8B3H 001FAH DB_UNLOC_TEXT          CODE
 1F8B4H 1FB37H 00284H DB_UPD_TEXT            CODE
 1FB38H 1FB87H 00050H DB_VERS_TEXT           CODE
 1FB88H 1FDA3H 0021CH D_CALLOC_TEXT          CODE
 1FDA4H 1FED3H 00130H D_DATE_TEXT            CODE
 1FED4H 1FF37H 00064H D_PROC_TEXT            CODE
 1FF38H 203BFH 00488H D_SHMEM_TEXT           CODE
 203C0H 204B3H 000F4H D_WRITE_TEXT           CODE
 204B4H 204E1H 0002EH S_ABRT_TEXT            CODE
 204E2H 2054BH 0006AH S_FPE_TEXT             CODE
 2054CH 20579H 0002EH S_ILL_TEXT             CODE
 2057AH 205ADH 00034H S_INT_TEXT             CODE
 205AEH 205DBH 0002EH S_SEGV_TEXT            CODE
 205DCH 21C97H 016BCH S_STRING_TEXT          CODE
 21C98H 21CC5H 0002EH S_TERM_TEXT            CODE
 21CC6H 27F19H 06254H _TEXT                  CODE
 27F20H 2A60FH 026F0H EMULATOR_TEXT          CODE
 2A610H 2A663H 00054H IN_DEMO_TEXT           CODE
 2A670H 2A670H 00000H OVERLAY_AREA           CODE
 2D390H 2D390H 00000H OVERLAY_END            CODE
 2D390H 2D390H 00000H C_ETEXT                ENDCODE
 2D390H 2EBF0H 01861H FI11007_DATA           FAR_DATA
 2EC00H 3045FH 01860H MA_MATCH7_DATA         FAR_DATA
 30460H 30C2FH 007D0H MA_MEMO7_DATA          FAR_DATA
 30C30H 313FFH 007D0H MA_HILFE7_DATA         FAR_DATA
 31400H 314EEH 000EFH DL_LADEN7_DATA         FAR_DATA
 314F0H 3180FH 00320H DL_ERROR7_DATA         FAR_DATA
 31810H 31D9FH 00590H DL_OPTIO7_DATA         FAR_DATA
 31DA0H 31F17H 00178H E_GLOBAL7_DATA         FAR_DATA
 31F20H 32021H 00102H IN_LIESZ7_DATA         FAR_DATA
 32030H 3234FH 00320H MN_INIT7_DATA          FAR_DATA
 32350H 3254FH 00200H WI_PRNTF7_DATA         FAR_DATA
 32550H 326BFH 00170H EMULATOR_DATA          FAR_DATA
 326C0H 32701H 00042H NULL                   BEGDATA
 32702H 3ED9DH 0C69CH _DATA                  DATA
 3ED9EH 3ED9FH 00002H XIQC                   DATA
 3EDA0H 3EDABH 0000CH DBDATA                 DATA
 3EDACH 3EDB9H 0000EH CDATA                  DATA
 3EDBAH 3EDBAH 00000H XIFB                   DATA
 3EDBAH 3EDBAH 00000H XIF                    DATA
 3EDBAH 3EDBAH 00000H XIFE                   DATA
 3EDBAH 3EDBAH 00000H XIB                    DATA
 3EDBAH 3EDBDH 00004H XI                     DATA
 3EDBEH 3EDBEH 00000H XIE                    DATA
 3EDBEH 3EDBEH 00000H XPB                    DATA
 3EDBEH 3EDC1H 00004H XP                     DATA
 3EDC2H 3EDC2H 00000H XPE                    DATA
 3EDC2H 3EDC2H 00000H XCB                    DATA
 3EDC2H 3EDC2H 00000H XC                     DATA
 3EDC2H 3EDC2H 00000H XCE                    DATA
 3EDC2H 3EDC2H 00000H XCFB                   DATA
 3EDC2H 3EDC2H 00000H XCFCRT                 DATA
 3EDC2H 3EDC5H 00004H XCF                    DATA
 3EDC6H 3EDC6H 00000H XCFE                   DATA
 3EDC6H 3EDC6H 00000H XIFCB                  DATA
 3EDC6H 3EDC6H 00000H XIFU                   DATA
 3EDC6H 3EDC6H 00000H XIFL                   DATA
 3EDC6H 3EDC6H 00000H XIFM                   DATA
 3EDC6H 3EDC6H 00000H XIFCE                  DATA
 3EDC6H 3EDC9H 00004H EXEC                   DATA
 3EDD0H 3EE37H 00068H OVERLAY_DATA           DATA
 3EE38H 3EEEDH 000B6H CONST                  CONST
 3EEEEH 3EEF5H 00008H HDR                    MSG
 3EEF6H 3F0A2H 001ADH MSG                    MSG
 3F0A3H 3F0A4H 00002H PAD                    MSG
 3F0A5H 3F0A5H 00001H EPAD                   MSG
 3F0A6H 4048DH 013E8H _BSS                   BSS
 4048EH 4048EH 00000H XOB                    BSS
 4048EH 4050DH 00080H XO                     BSS
 4050EH 4050EH 00000H XOE                    BSS
 4050EH 4050EH 00000H XOFB                   BSS
 4050EH 4050EH 00000H XOF                    BSS
 4050EH 4050EH 00000H XOFE                   BSS
 40510H 40517H 00008H c_common               BSS
 40520H 4245FH 01F40H STACK                  STACK
 Overlay 1H
 2A670H 2B569H 00EFAH FI_1100_TEXT           CODE
 Overlay 2H
 2A670H 2B5A5H 00F36H BA_INIT_TEXT           CODE
 Overlay 3H
 2A670H 2C391H 01D22H FI1100A_TEXT           CODE
 Overlay 4H
 2A670H 2D387H 02D18H MA_MATCH_TEXT          CODE
 Overlay 5H
 2A670H 2C5C1H 01F52H MA_MEMO_TEXT           CODE
 Overlay 6H
 2A670H 2BA71H 01402H MA_HILFE_TEXT          CODE
 Overlay 7H
 2A670H 2C527H 01EB8H MA_INDEX_TEXT          CODE
 Overlay 8H
 2A670H 2AD39H 006CAH MA_MKSEL_TEXT          CODE
 Overlay 9H
 2A670H 2B9B3H 01344H DB_OPEN_TEXT           CODE
 Overlay AH
 2A670H 2BA01H 01392H DL_LADEN_TEXT          CODE
 Overlay BH
 2A670H 2B1B3H 00B44H DL_HTOOL_TEXT          CODE

 Origin   Group
 326C:0   DGROUP
