Stack Allocation = 8000 bytes

 Start  Stop   Length Name                   Class
 Resident
 00000H 040E5H 040E6H FI4100_TEXT            CODE
 040E6H 059F5H 01910H BA_ISAM_TEXT           CODE
 059F6H 0653DH 00B48H BA_PRN1_TEXT           CODE
 0653EH 06D97H 0085AH BA_PRN2_TEXT           CODE
 06D98H 08F43H 021ACH FO_PRN_TEXT            CODE
 08F44H 09A1FH 00ADCH DL_ERROR_TEXT          CODE
 09A20H 09BDFH 001C0H DL_INFO_TEXT           CODE
 09BE0H 0A09BH 004BCH DL_MAUS_TEXT           CODE
 0A09CH 0A1FDH 00162H DL_NACHR_TEXT          CODE
 0A1FEH 0ABF9H 009FCH DL_OPTIO_TEXT          CODE
 0ABFAH 0ADA9H 001B0H DL_SHELL_TEXT          CODE
 0ADAAH 0B101H 00358H DL_SPEIC_TEXT          CODE
 0B102H 0B88BH 0078AH DL_WARN_TEXT           CODE
 0B88CH 0B8B7H 0002CH IN_BEEP_TEXT           CODE
 0B8B8H 0BE27H 00570H IN_DIAL_TEXT           CODE
 0BE28H 0C021H 001FAH IN_INITV_TEXT          CODE
 0C022H 0CE09H 00DE8H IN_LIESZ_TEXT          CODE
 0CE0AH 0D577H 0076EH IN_MAUS_TEXT           CODE
 0D578H 0E213H 00C9CH IN_MENUE_TEXT          CODE
 0E214H 0E5E5H 003D2H MN_AKTIV_TEXT          CODE
 0E5E6H 0E63FH 0005AH MN_DEAKT_TEXT          CODE
 0E640H 0EEE7H 008A8H MN_EINGA_TEXT          CODE
 0EEE8H 0F707H 00820H MN_EINR_TEXT           CODE
 0F708H 0F865H 0015EH MN_ENTF_TEXT           CODE
 0F866H 0F8CBH 00066H MN_INIT_TEXT           CODE
 0F8CCH 0FA35H 0016AH MN_MARK_TEXT           CODE
 0FA36H 0FB6FH 0013AH MN_SPALE_TEXT          CODE
 0FB70H 0FC43H 000D4H MN_SRTYP_TEXT          CODE
 0FC44H 0FC8DH 0004AH MN_SSCHA_TEXT          CODE
 0FC8EH 10257H 005CAH MS_BASIS_TEXT          CODE
 10258H 10AABH 00854H M_BASIS_TEXT           CODE
 10AACH 116AFH 00C04H M_BOTORE_TEXT          CODE
 116B0H 11759H 000AAH M_CHOICE_TEXT          CODE
 1175AH 12043H 008EAH M_CLOSE_TEXT           CODE
 12044H 12629H 005E6H M_COUNT_TEXT           CODE
 1262AH 1299DH 00374H M_DEFAUL_TEXT          CODE
 1299EH 136CBH 00D2EH M_FORMAT_TEXT          CODE
 136CCH 14647H 00F7CH M_INIT_TEXT            CODE
 14648H 163C7H 01D80H M_INIT2_TEXT           CODE
 163C8H 180BFH 01CF8H M_INPUT_TEXT           CODE
 180C0H 197CDH 0170EH M_KEYCOD_TEXT          CODE
 197CEH 19C9DH 004D0H M_MKCHO_TEXT           CODE
 19C9EH 19D47H 000AAH M_OKQUES_TEXT          CODE
 19D48H 1AAE9H 00DA2H M_RETOBO_TEXT          CODE
 1AAEAH 1AB87H 0009EH M_SCRDN_TEXT           CODE
 1AB88H 1AC29H 000A2H M_SCRUP_TEXT           CODE
 1AC2AH 1AED7H 002AEH M_SELECT_TEXT          CODE
 1AED8H 1AEF1H 0001AH UT_ALTCD_TEXT          CODE
 1AEF2H 1B159H 00268H UT_ARRAY_TEXT          CODE
 1B15AH 1B20FH 000B6H UT_CLRAN_TEXT          CODE
 1B210H 1B347H 00138H UT_DA2TA_TEXT          CODE
 1B348H 1B545H 001FEH UT_DNGUE_TEXT          CODE
 1B546H 1B583H 0003EH UT_DRIVE_TEXT          CODE
 1B584H 1B6BFH 0013CH UT_EVEHI_TEXT          CODE
 1B6C0H 1B829H 0016AH UT_EVENT_TEXT          CODE
 1B82AH 1B85FH 00036H UT_GROSS_TEXT          CODE
 1B860H 1B87DH 0001EH UT_KBFLG_TEXT          CODE
 1B87EH 1B8B1H 00034H UT_KLEIN_TEXT          CODE
 1B8B2H 1B9EBH 0013AH UT_LINIE_TEXT          CODE
 1B9ECH 1BA69H 0007EH UT_PAUSE_TEXT          CODE
 1BA6AH 1BB6BH 00102H UT_RAHME_TEXT          CODE
 1BB6CH 1BCA3H 00138H UT_SCHAT_TEXT          CODE
 1BCA4H 1BDE7H 00144H UT_SHELL_TEXT          CODE
 1BDE8H 1BE3FH 00058H UT_STRLW_TEXT          CODE
 1BE40H 1BE99H 0005AH UT_STRUP_TEXT          CODE
 1BE9AH 1BFAFH 00116H UT_TA2DA_TEXT          CODE
 1BFB0H 1C00FH 00060H UT_TASTE_TEXT          CODE
 1C010H 1C05BH 0004CH UT_TON_TEXT            CODE
 1C05CH 1C0A3H 00048H UT_UHRTK_TEXT          CODE
 1C0A4H 1C6BDH 0061AH VI_BASIS_TEXT          CODE
 1C6BEH 1CEF3H 00836H WI_AKTIV_TEXT          CODE
 1CEF4H 1D5CFH 006DCH WI_BASIS_TEXT          CODE
 1D5D0H 1D61FH 00050H WI_CLS_TEXT            CODE
 1D620H 1D75FH 00140H WI_CURS_TEXT           CODE
 1D760H 1D82FH 000D0H WI_EINR_TEXT           CODE
 1D830H 1DB29H 002FAH WI_ENTF_TEXT           CODE
 1DB2AH 1DB71H 00048H WI_ISAKT_TEXT          CODE
 1DB72H 1E215H 006A4H WI_PRNTF_TEXT          CODE
 1E216H 1E301H 000ECH WI_PUTCH_TEXT          CODE
 1E302H 1E465H 00164H WI_SATT_TEXT           CODE
 1E466H 1E4C9H 00064H WI_SCHAT_TEXT          CODE
 1E4CAH 1E511H 00048H WI_SCPOS_TEXT          CODE
 1E512H 1E591H 00080H WI_SCRDN_TEXT          CODE
 1E592H 1E611H 00080H WI_SCRUP_TEXT          CODE
 1E612H 1E677H 00066H WI_SCTYP_TEXT          CODE
 1E678H 1E913H 0029CH WI_STITL_TEXT          CODE
 1E914H 1EBBFH 002ACH WI_VERST_TEXT          CODE
 1EBC0H 1EBC0H 00000H E_GLOBAL_TEXT          CODE
 1EBC0H 1EBFBH 0003CH DB_ABORT_TEXT          CODE
 1EBFCH 1ED75H 0017AH DB_BTRV_TEXT           CODE
 1ED76H 1EEB5H 00140H DB_CLOSE_TEXT          CODE
 1EEB6H 1F045H 00190H DB_DEL_TEXT            CODE
 1F046H 1F181H 0013CH DB_EQ_TEXT             CODE
 1F182H 1F3B9H 00238H DB_GE_TEXT             CODE
 1F3BAH 1F5C3H 0020AH DB_INS_TEXT            CODE
 1F5C4H 1F799H 001D6H DB_LE_TEXT             CODE
 1F79AH 1FA6FH 002D6H DB_NEXT_TEXT           CODE
 1FA70H 1FBFBH 0018CH DB_PREV_TEXT           CODE
 1FBFCH 1FC2DH 00032H DB_RESET_TEXT          CODE
 1FC2EH 1FC99H 0006CH DB_SORT_TEXT           CODE
 1FC9AH 1FD2BH 00092H DB_TRANA_TEXT          CODE
 1FD2CH 1FE45H 0011AH DB_TRANB_TEXT          CODE
 1FE46H 1FF2BH 000E6H DB_TRANE_TEXT          CODE
 1FF2CH 20125H 001FAH DB_UNLOC_TEXT          CODE
 20126H 203A9H 00284H DB_UPD_TEXT            CODE
 203AAH 203F9H 00050H DB_VERS_TEXT           CODE
 203FAH 20615H 0021CH D_CALLOC_TEXT          CODE
 20616H 20745H 00130H D_DATE_TEXT            CODE
 20746H 207A9H 00064H D_PROC_TEXT            CODE
 207AAH 20C31H 00488H D_SHMEM_TEXT           CODE
 20C32H 20C5FH 0002EH S_ABRT_TEXT            CODE
 20C60H 20CC9H 0006AH S_FPE_TEXT             CODE
 20CCAH 20CF7H 0002EH S_ILL_TEXT             CODE
 20CF8H 20D2BH 00034H S_INT_TEXT             CODE
 20D2CH 20D59H 0002EH S_SEGV_TEXT            CODE
 20D5AH 22415H 016BCH S_STRING_TEXT          CODE
 22416H 22443H 0002EH S_TERM_TEXT            CODE
 22444H 28E37H 069F4H _TEXT                  CODE
 28E40H 2B52FH 026F0H EMULATOR_TEXT          CODE
 2B530H 2B583H 00054H IN_DEMO_TEXT           CODE
 2B590H 2B590H 00000H OVERLAY_AREA           CODE
 2F040H 2F040H 00000H OVERLAY_END            CODE
 2F040H 2F040H 00000H C_ETEXT                ENDCODE
 2F040H 31D5EH 02D1FH FI41007_DATA           FAR_DATA
 31D60H 3446FH 02710H FO_PRN7_DATA           FAR_DATA
 34470H 35CCFH 01860H MA_MATCH7_DATA         FAR_DATA
 35CD0H 3649FH 007D0H MA_HILFE7_DATA         FAR_DATA
 364A0H 3658EH 000EFH DL_LADEN7_DATA         FAR_DATA
 36590H 368AFH 00320H DL_ERROR7_DATA         FAR_DATA
 368B0H 36E3FH 00590H DL_OPTIO7_DATA         FAR_DATA
 36E40H 36F41H 00102H IN_LIESZ7_DATA         FAR_DATA
 36F50H 3726FH 00320H MN_INIT7_DATA          FAR_DATA
 37270H 3746FH 00200H WI_PRNTF7_DATA         FAR_DATA
 37470H 375E7H 00178H E_GLOBAL7_DATA         FAR_DATA
 375F0H 3775FH 00170H EMULATOR_DATA          FAR_DATA
 37760H 377A1H 00042H NULL                   BEGDATA
 377A2H 42D8DH 0B5ECH _DATA                  DATA
 42D8EH 42D8FH 00002H XIQC                   DATA
 42D90H 42D9BH 0000CH DBDATA                 DATA
 42D9CH 42DA9H 0000EH CDATA                  DATA
 42DAAH 42DAAH 00000H XIFB                   DATA
 42DAAH 42DAAH 00000H XIF                    DATA
 42DAAH 42DAAH 00000H XIFE                   DATA
 42DAAH 42DAAH 00000H XIB                    DATA
 42DAAH 42DADH 00004H XI                     DATA
 42DAEH 42DAEH 00000H XIE                    DATA
 42DAEH 42DAEH 00000H XPB                    DATA
 42DAEH 42DB1H 00004H XP                     DATA
 42DB2H 42DB2H 00000H XPE                    DATA
 42DB2H 42DB2H 00000H XCB                    DATA
 42DB2H 42DB2H 00000H XC                     DATA
 42DB2H 42DB2H 00000H XCE                    DATA
 42DB2H 42DB2H 00000H XCFB                   DATA
 42DB2H 42DB2H 00000H XCFCRT                 DATA
 42DB2H 42DB5H 00004H XCF                    DATA
 42DB6H 42DB6H 00000H XCFE                   DATA
 42DB6H 42DB6H 00000H XIFCB                  DATA
 42DB6H 42DB6H 00000H XIFU                   DATA
 42DB6H 42DB6H 00000H XIFL                   DATA
 42DB6H 42DB6H 00000H XIFM                   DATA
 42DB6H 42DB6H 00000H XIFCE                  DATA
 42DB6H 42DB9H 00004H EXEC                   DATA
 42DC0H 42E19H 0005AH OVERLAY_DATA           DATA
 42E1AH 42ECDH 000B4H CONST                  CONST
 42ECEH 42ED5H 00008H HDR                    MSG
 42ED6H 4312CH 00257H MSG                    MSG
 4312DH 4312EH 00002H PAD                    MSG
 4312FH 4312FH 00001H EPAD                   MSG
 43130H 44A5FH 01930H _BSS                   BSS
 44A60H 44A60H 00000H XOB                    BSS
 44A60H 44ADFH 00080H XO                     BSS
 44AE0H 44AE0H 00000H XOE                    BSS
 44AE0H 44AE0H 00000H XOFB                   BSS
 44AE0H 44AE0H 00000H XOF                    BSS
 44AE0H 44AE0H 00000H XOFE                   BSS
 44AE0H 44AE7H 00008H c_common               BSS
 44AF0H 46A2FH 01F40H STACK                  STACK
 Overlay 1H
 2B590H 2C903H 01374H FI_4100_TEXT           CODE
 Overlay 2H
 2B590H 2D77FH 021F0H BA_SAA_TEXT            CODE
 Overlay 3H
 2B590H 2C4C5H 00F36H BA_INIT_TEXT           CODE
 Overlay 4H
 2B590H 2F033H 03AA4H FI4100A_TEXT           CODE
 Overlay 5H
 2B590H 2E2A7H 02D18H MA_MATCH_TEXT          CODE
 Overlay 6H
 2B590H 2C991H 01402H MA_HILFE_TEXT          CODE
 Overlay 7H
 2B590H 2BC59H 006CAH MA_MKSEL_TEXT          CODE
 Overlay 8H
 2B590H 2C8D3H 01344H DB_OPEN_TEXT           CODE
 Overlay 9H
 2B590H 2C921H 01392H DL_LADEN_TEXT          CODE

 Origin   Group
 3776:0   DGROUP
